@ai-harness/server@0.0.3 /home/user/ai-harness-build/H013-SOVA-1M-20260927/source/ai-harness/server
├─┬ @agentclientprotocol/sdk@1.3.0
│ └── zod@4.6.5
├─┬ @fastify/multipart@10.1.1
│ ├── @fastify/busboy@3.2.2
│ ├── @fastify/deepmerge@3.2.1
│ ├── @fastify/error@4.2.0
│ ├── fastify-plugin@6.0.0
│ └── secure-json-parse@4.1.0
├─┬ @fastify/static@10.1.4
│ ├── @fastify/accept-negotiator@2.1.0
│ ├── @fastify/error@4.2.0 deduped
│ ├─┬ @fastify/send@4.1.1
│ │ ├── @lukeed/ms@2.0.2
│ │ ├── escape-html@1.0.3
│ │ ├── fast-decode-uri-component@1.0.1
│ │ ├─┬ http-errors@2.0.1
│ │ │ ├── depd@2.0.0
│ │ │ ├── inherits@2.0.4
│ │ │ ├── setprototypeof@1.2.0
│ │ │ ├── statuses@2.0.2
│ │ │ └── toidentifier@1.0.1
│ │ └── mime@3.0.0
│ ├── content-disposition@3.0.0
│ ├── fastify-plugin@6.0.0 deduped
│ ├─┬ fastq@1.20.3
│ │ └── reusify@1.1.0
│ └─┬ glob@13.0.6
│   ├─┬ minimatch@10.2.6
│   │ └─┬ brace-expansion@5.0.12
│   │   └── balanced-match@4.0.4
│   ├── minipass@7.1.3
│   └─┬ path-scurry@2.0.2
│     ├── lru-cache@11.5.3
│     └── minipass@7.1.3 deduped
├─┬ @types/node@24.7.2
│ └── undici-types@7.14.0
├─┬ fastify@5.12.5
│ ├─┬ @fastify/ajv-compiler@4.0.6
│ │ ├─┬ ajv-formats@3.0.1
│ │ │ └── ajv@8.20.0 deduped
│ │ ├─┬ ajv@8.20.0
│ │ │ ├── fast-deep-equal@3.1.3 deduped
│ │ │ ├── fast-uri@3.1.8
│ │ │ ├── json-schema-traverse@1.0.0
│ │ │ └── require-from-string@2.0.2
│ │ └── fast-uri@4.2.1
│ ├── @fastify/error@4.2.0 deduped
│ ├─┬ @fastify/fast-json-stringify-compiler@5.1.0
│ │ └── fast-json-stringify@7.0.1 deduped
│ ├─┬ @fastify/proxy-addr@5.1.1
│ │ ├── @fastify/forwarded@3.0.2
│ │ └── ipaddr.js@2.5.0
│ ├── abstract-logging@2.0.1
│ ├─┬ avvio@9.3.0
│ │ ├── @fastify/error@4.2.0 deduped
│ │ └── fastq@1.20.3 deduped
│ ├─┬ fast-json-stringify@7.0.1
│ │ ├─┬ @fastify/merge-json-schemas@0.2.1
│ │ │ └── dequal@2.0.3
│ │ ├── ajv-formats@3.0.1 deduped
│ │ ├── ajv@8.20.0 deduped
│ │ ├── fast-uri@4.2.1 deduped
│ │ ├─┬ json-schema-ref-resolver@3.0.0
│ │ │ └── dequal@2.0.3 deduped
│ │ └── rfdc@1.4.1 deduped
│ ├─┬ find-my-way@9.9.0
│ │ ├── fast-deep-equal@3.1.3
│ │ ├─┬ fast-querystring@1.1.2
│ │ │ └── fast-decode-uri-component@1.0.1 deduped
│ │ └─┬ safe-regex2@5.1.1
│ │   └── ret@0.5.0
│ ├─┬ light-my-request@6.6.0
│ │ ├── cookie@1.1.1
│ │ ├── process-warning@4.0.1
│ │ └── set-cookie-parser@2.7.2
│ ├─┬ pino@9.14.0
│ │ ├── @pinojs/redact@0.4.0
│ │ ├── atomic-sleep@1.0.0
│ │ ├── on-exit-leak-free@2.1.2
│ │ ├─┬ pino-abstract-transport@2.0.0
│ │ │ └── split2@4.2.0
│ │ ├── pino-std-serializers@7.1.0
│ │ ├── process-warning@5.1.0 deduped
│ │ ├── quick-format-unescaped@4.0.4
│ │ ├── real-require@0.2.0
│ │ ├── safe-stable-stringify@2.5.0
│ │ ├─┬ sonic-boom@4.2.1
│ │ │ └── atomic-sleep@1.0.0 deduped
│ │ └─┬ thread-stream@3.2.0
│ │   └── real-require@0.2.0 deduped
│ ├── process-warning@5.1.0
│ ├── rfdc@1.4.1
│ ├── secure-json-parse@4.1.0 deduped
│ ├── semver@7.8.5
│ └── toad-cache@3.7.4
├─┬ sharp@0.35.4
│ ├── @img/colour@1.1.0
│ ├── UNMET OPTIONAL DEPENDENCY @img/sharp-darwin-arm64@0.35.4
│ ├── UNMET OPTIONAL DEPENDENCY @img/sharp-darwin-x64@0.35.4
│ ├── UNMET OPTIONAL DEPENDENCY @img/sharp-freebsd-wasm32@0.35.4
│ ├── UNMET OPTIONAL DEPENDENCY @img/sharp-libvips-darwin-arm64@1.3.3
│ ├── UNMET OPTIONAL DEPENDENCY @img/sharp-libvips-darwin-x64@1.3.3
│ ├── UNMET OPTIONAL DEPENDENCY @img/sharp-libvips-linux-arm@1.3.3
│ ├── UNMET OPTIONAL DEPENDENCY @img/sharp-libvips-linux-arm64@1.3.3
│ ├── UNMET OPTIONAL DEPENDENCY @img/sharp-libvips-linux-ppc64@1.3.3
│ ├── UNMET OPTIONAL DEPENDENCY @img/sharp-libvips-linux-riscv64@1.3.3
│ ├── UNMET OPTIONAL DEPENDENCY @img/sharp-libvips-linux-s390x@1.3.3
│ ├── @img/sharp-libvips-linux-x64@1.3.3
│ ├── UNMET OPTIONAL DEPENDENCY @img/sharp-libvips-linuxmusl-arm64@1.3.3
│ ├── UNMET OPTIONAL DEPENDENCY @img/sharp-libvips-linuxmusl-x64@1.3.3
│ ├── UNMET OPTIONAL DEPENDENCY @img/sharp-linux-arm@0.35.4
│ ├── UNMET OPTIONAL DEPENDENCY @img/sharp-linux-arm64@0.35.4
│ ├── UNMET OPTIONAL DEPENDENCY @img/sharp-linux-ppc64@0.35.4
│ ├── UNMET OPTIONAL DEPENDENCY @img/sharp-linux-riscv64@0.35.4
│ ├── UNMET OPTIONAL DEPENDENCY @img/sharp-linux-s390x@0.35.4
│ ├─┬ @img/sharp-linux-x64@0.35.4
│ │ └── @img/sharp-libvips-linux-x64@1.3.3 deduped
│ ├── UNMET OPTIONAL DEPENDENCY @img/sharp-linuxmusl-arm64@0.35.4
│ ├── UNMET OPTIONAL DEPENDENCY @img/sharp-linuxmusl-x64@0.35.4
│ ├── UNMET OPTIONAL DEPENDENCY @img/sharp-webcontainers-wasm32@0.35.4
│ ├── UNMET OPTIONAL DEPENDENCY @img/sharp-win32-arm64@0.35.4
│ ├── UNMET OPTIONAL DEPENDENCY @img/sharp-win32-ia32@0.35.4
│ ├── UNMET OPTIONAL DEPENDENCY @img/sharp-win32-x64@0.35.4
│ ├── detect-libc@2.1.2
│ └── semver@7.8.5 deduped
├─┬ tsx@4.20.6
│ ├─┬ esbuild@0.25.12
│ │ ├── UNMET OPTIONAL DEPENDENCY @esbuild/aix-ppc64@0.25.12
│ │ ├── UNMET OPTIONAL DEPENDENCY @esbuild/android-arm@0.25.12
│ │ ├── UNMET OPTIONAL DEPENDENCY @esbuild/android-arm64@0.25.12
│ │ ├── UNMET OPTIONAL DEPENDENCY @esbuild/android-x64@0.25.12
│ │ ├── UNMET OPTIONAL DEPENDENCY @esbuild/darwin-arm64@0.25.12
│ │ ├── UNMET OPTIONAL DEPENDENCY @esbuild/darwin-x64@0.25.12
│ │ ├── UNMET OPTIONAL DEPENDENCY @esbuild/freebsd-arm64@0.25.12
│ │ ├── UNMET OPTIONAL DEPENDENCY @esbuild/freebsd-x64@0.25.12
│ │ ├── UNMET OPTIONAL DEPENDENCY @esbuild/linux-arm@0.25.12
│ │ ├── UNMET OPTIONAL DEPENDENCY @esbuild/linux-arm64@0.25.12
│ │ ├── UNMET OPTIONAL DEPENDENCY @esbuild/linux-ia32@0.25.12
│ │ ├── UNMET OPTIONAL DEPENDENCY @esbuild/linux-loong64@0.25.12
│ │ ├── UNMET OPTIONAL DEPENDENCY @esbuild/linux-mips64el@0.25.12
│ │ ├── UNMET OPTIONAL DEPENDENCY @esbuild/linux-ppc64@0.25.12
│ │ ├── UNMET OPTIONAL DEPENDENCY @esbuild/linux-riscv64@0.25.12
│ │ ├── UNMET OPTIONAL DEPENDENCY @esbuild/linux-s390x@0.25.12
│ │ ├── @esbuild/linux-x64@0.25.12
│ │ ├── UNMET OPTIONAL DEPENDENCY @esbuild/netbsd-arm64@0.25.12
│ │ ├── UNMET OPTIONAL DEPENDENCY @esbuild/netbsd-x64@0.25.12
│ │ ├── UNMET OPTIONAL DEPENDENCY @esbuild/openbsd-arm64@0.25.12
│ │ ├── UNMET OPTIONAL DEPENDENCY @esbuild/openbsd-x64@0.25.12
│ │ ├── UNMET OPTIONAL DEPENDENCY @esbuild/openharmony-arm64@0.25.12
│ │ ├── UNMET OPTIONAL DEPENDENCY @esbuild/sunos-x64@0.25.12
│ │ ├── UNMET OPTIONAL DEPENDENCY @esbuild/win32-arm64@0.25.12
│ │ ├── UNMET OPTIONAL DEPENDENCY @esbuild/win32-ia32@0.25.12
│ │ └── UNMET OPTIONAL DEPENDENCY @esbuild/win32-x64@0.25.12
│ ├── UNMET OPTIONAL DEPENDENCY fsevents@~2.3.3
│ └─┬ get-tsconfig@4.14.3
│   └── resolve-pkg-maps@1.0.0
└── typescript@5.9.3


> @ai-harness/server@0.0.3 typecheck
> tsc --noEmit


> @ai-harness/server@0.0.3 build
> tsc -p tsconfig.json

