ai-harness-web@0.0.3 /home/user/ai-harness-build/H013-SOVA-1M-20260927/source/ai-harness/web
├─┬ @playwright/test@1.63.0
│ └─┬ playwright@1.63.0
│   └── playwright-core@1.63.0
├─┬ @testing-library/jest-dom@7.0.1
│ ├── @adobe/css-tools@4.5.0
│ ├─┬ @testing-library/dom@10.4.2
│ │ ├─┬ @babel/code-frame@7.29.7
│ │ │ ├── @babel/helper-validator-identifier@7.29.7
│ │ │ ├── js-tokens@4.0.0
│ │ │ └── picocolors@1.1.1 deduped
│ │ ├── @babel/runtime@7.29.7 deduped
│ │ ├── @types/aria-query@5.0.4
│ │ ├── aria-query@5.3.0 deduped
│ │ ├── dom-accessibility-api@0.5.16
│ │ ├── lz-string@1.5.0
│ │ ├── picocolors@1.1.1 deduped
│ │ └─┬ pretty-format@27.5.1
│ │   ├── ansi-regex@5.0.1
│ │   ├── ansi-styles@5.2.0
│ │   └── react-is@17.0.2
│ ├─┬ aria-query@5.3.0
│ │ └── dequal@2.0.3
│ ├── css.escape@1.5.1
│ ├── dom-accessibility-api@0.6.3
│ ├── picocolors@1.1.1
│ ├─┬ redent@3.0.0
│ │ ├── indent-string@4.0.0
│ │ └─┬ strip-indent@3.0.0
│ │   └── min-indent@1.0.1
│ └── vitest@5.0.1 deduped
├─┬ @testing-library/react@16.3.3
│ ├── @babel/runtime@7.29.7
│ ├── @testing-library/dom@10.4.2 deduped
│ ├── @types/react-dom@19.3.0 deduped
│ ├── @types/react@19.3.0 deduped
│ ├── react-dom@19.3.0 deduped
│ └── react@19.3.0 deduped
├─┬ @testing-library/user-event@14.6.7
│ └── @testing-library/dom@10.4.2 deduped
├─┬ @types/node@26.6.2
│ └── undici-types@8.9.0
├─┬ @types/react-dom@19.3.0
│ └── @types/react@19.3.0 deduped
├─┬ @types/react@19.3.0
│ └── csstype@3.2.3
├─┬ @vitejs/plugin-react@6.1.1
│ ├── UNMET OPTIONAL DEPENDENCY @rolldown/plugin-babel@^0.1.7 || ^0.2.0
│ ├── @rolldown/pluginutils@1.0.1
│ ├── UNMET OPTIONAL DEPENDENCY babel-plugin-react-compiler@^1.0.0
│ ├── UNMET OPTIONAL DEPENDENCY oxc-transform-react@^0.145.0
│ └── vite@8.3.0 deduped
├─┬ jsdom@30.1.0
│ ├─┬ @asamuzakjp/css-color@7.0.1
│ │ ├─┬ @csstools/css-calc@3.4.0
│ │ │ ├── @csstools/css-parser-algorithms@4.0.0 deduped
│ │ │ └── @csstools/css-tokenizer@4.0.1 deduped
│ │ ├─┬ @csstools/css-color-parser@4.2.3
│ │ │ ├── @csstools/color-helpers@6.1.1
│ │ │ ├── @csstools/css-calc@3.4.0 deduped
│ │ │ ├── @csstools/css-parser-algorithms@4.0.0 deduped
│ │ │ └── @csstools/css-tokenizer@4.0.1 deduped
│ │ ├─┬ @csstools/css-parser-algorithms@4.0.0
│ │ │ └── @csstools/css-tokenizer@4.0.1 deduped
│ │ ├── @csstools/css-tokenizer@4.0.1
│ │ └── lru-cache@11.5.3 deduped
│ ├─┬ @asamuzakjp/dom-selector@9.2.1
│ │ ├─┬ bidi-js@1.1.0
│ │ │ └── require-from-string@2.0.2
│ │ ├── css-tree@3.2.1 deduped
│ │ ├── is-potential-custom-element-name@1.0.1 deduped
│ │ └── lru-cache@11.5.3 deduped
│ ├─┬ @bramus/specificity@2.4.2
│ │ └── css-tree@3.2.1 deduped
│ ├─┬ @csstools/css-syntax-patches-for-csstree@1.1.14
│ │ └── css-tree@3.2.1 deduped
│ ├─┬ @exodus/bytes@1.15.2
│ │ └── UNMET OPTIONAL DEPENDENCY @noble/hashes@^1.8.0 || ^2.0.0
│ ├── UNMET OPTIONAL DEPENDENCY canvas@^3.2.3
│ ├─┬ css-tree@3.2.1
│ │ ├── mdn-data@2.27.1
│ │ └── source-map-js@1.2.1
│ ├─┬ data-urls@7.0.0
│ │ ├── whatwg-mimetype@5.0.0 deduped
│ │ └─┬ whatwg-url@16.0.1
│ │   ├── @exodus/bytes@1.15.2 deduped
│ │   ├── tr46@6.0.0 deduped
│ │   └── webidl-conversions@8.0.1 deduped
│ ├── decimal.js@10.6.0
│ ├─┬ html-encoding-sniffer@6.0.0
│ │ └── @exodus/bytes@1.15.2 deduped
│ ├── is-potential-custom-element-name@1.0.1
│ ├── lru-cache@11.5.3
│ ├─┬ parse5@8.0.1
│ │ └── entities@8.1.0
│ ├─┬ saxes@6.0.0
│ │ └── xmlchars@2.2.0
│ ├─┬ tough-cookie@6.0.2
│ │ └─┬ tldts@7.4.14
│ │   └── tldts-core@7.4.14
│ ├── undici@8.10.2
│ ├─┬ w3c-xmlserializer@5.0.0
│ │ └── xml-name-validator@5.0.0 deduped
│ ├── webidl-conversions@8.0.1
│ ├── whatwg-mimetype@5.0.0
│ ├─┬ whatwg-url@17.1.2
│ │ ├── @exodus/bytes@1.15.2 deduped
│ │ ├─┬ tr46@6.0.0
│ │ │ └── punycode@2.3.1
│ │ └── webidl-conversions@8.0.1 deduped
│ └── xml-name-validator@5.0.0
├─┬ lucide-react@1.47.0
│ └── react@19.3.0 deduped
├── prettier@3.9.8
├─┬ react-dom@19.3.0
│ ├── react@19.3.0 deduped
│ └── scheduler@0.28.0
├─┬ react-markdown@10.1.0
│ ├─┬ @types/hast@3.0.5
│ │ └── @types/unist@3.0.3
│ ├─┬ @types/mdast@4.0.4
│ │ └── @types/unist@3.0.3 deduped
│ ├── @types/react@19.3.0 deduped
│ ├─┬ devlop@1.1.0
│ │ └── dequal@2.0.3 deduped
│ ├─┬ hast-util-to-jsx-runtime@2.3.6
│ │ ├── @types/estree@1.0.9
│ │ ├── @types/hast@3.0.5 deduped
│ │ ├── @types/unist@3.0.3 deduped
│ │ ├── comma-separated-tokens@2.0.3
│ │ ├── devlop@1.1.0 deduped
│ │ ├── estree-util-is-identifier-name@3.0.0
│ │ ├─┬ hast-util-whitespace@3.0.0
│ │ │ └── @types/hast@3.0.5 deduped
│ │ ├─┬ mdast-util-mdx-expression@2.0.1
│ │ │ ├─┬ @types/estree-jsx@1.0.5
│ │ │ │ └── @types/estree@1.0.9 deduped
│ │ │ ├── @types/hast@3.0.5 deduped
│ │ │ ├── @types/mdast@4.0.4 deduped
│ │ │ ├── devlop@1.1.0 deduped
│ │ │ ├── mdast-util-from-markdown@2.0.3 deduped
│ │ │ └── mdast-util-to-markdown@2.1.2 deduped
│ │ ├─┬ mdast-util-mdx-jsx@3.2.0
│ │ │ ├── @types/estree-jsx@1.0.5 deduped
│ │ │ ├── @types/hast@3.0.5 deduped
│ │ │ ├── @types/mdast@4.0.4 deduped
│ │ │ ├── @types/unist@3.0.3 deduped
│ │ │ ├── ccount@2.0.1
│ │ │ ├── devlop@1.1.0 deduped
│ │ │ ├── mdast-util-from-markdown@2.0.3 deduped
│ │ │ ├── mdast-util-to-markdown@2.1.2 deduped
│ │ │ ├─┬ parse-entities@4.0.2
│ │ │ │ ├── @types/unist@2.0.11
│ │ │ │ ├── character-entities-legacy@3.0.0
│ │ │ │ ├── character-reference-invalid@2.0.1
│ │ │ │ ├── decode-named-character-reference@1.3.0 deduped
│ │ │ │ ├─┬ is-alphanumerical@2.0.1
│ │ │ │ │ ├── is-alphabetical@2.0.1
│ │ │ │ │ └── is-decimal@2.0.1 deduped
│ │ │ │ ├── is-decimal@2.0.1
│ │ │ │ └── is-hexadecimal@2.0.1
│ │ │ ├─┬ stringify-entities@4.0.4
│ │ │ │ ├── character-entities-html4@2.1.0
│ │ │ │ └── character-entities-legacy@3.0.0 deduped
│ │ │ ├─┬ unist-util-stringify-position@4.0.0
│ │ │ │ └── @types/unist@3.0.3 deduped
│ │ │ └── vfile-message@4.0.3 deduped
│ │ ├─┬ mdast-util-mdxjs-esm@2.0.1
│ │ │ ├── @types/estree-jsx@1.0.5 deduped
│ │ │ ├── @types/hast@3.0.5 deduped
│ │ │ ├── @types/mdast@4.0.4 deduped
│ │ │ ├── devlop@1.1.0 deduped
│ │ │ ├── mdast-util-from-markdown@2.0.3 deduped
│ │ │ └── mdast-util-to-markdown@2.1.2 deduped
│ │ ├── property-information@7.2.0
│ │ ├── space-separated-tokens@2.0.2
│ │ ├─┬ style-to-js@1.1.21
│ │ │ └─┬ style-to-object@1.0.14
│ │ │   └── inline-style-parser@0.2.7
│ │ ├─┬ unist-util-position@5.0.0
│ │ │ └── @types/unist@3.0.3 deduped
│ │ └─┬ vfile-message@4.0.3
│ │   ├── @types/unist@3.0.3 deduped
│ │   └── unist-util-stringify-position@4.0.0 deduped
│ ├── html-url-attributes@3.0.1
│ ├─┬ mdast-util-to-hast@13.2.1
│ │ ├── @types/hast@3.0.5 deduped
│ │ ├── @types/mdast@4.0.4 deduped
│ │ ├── @ungap/structured-clone@1.4.0
│ │ ├── devlop@1.1.0 deduped
│ │ ├─┬ micromark-util-sanitize-uri@2.0.1
│ │ │ ├─┬ micromark-util-character@2.1.1
│ │ │ │ ├── micromark-util-symbol@2.0.1 deduped
│ │ │ │ └── micromark-util-types@2.0.2 deduped
│ │ │ ├── micromark-util-encode@2.0.1
│ │ │ └── micromark-util-symbol@2.0.1
│ │ ├── trim-lines@3.0.1
│ │ ├── unist-util-position@5.0.0 deduped
│ │ ├── unist-util-visit@5.1.0 deduped
│ │ └── vfile@6.0.3 deduped
│ ├── react@19.3.0 deduped
│ ├─┬ remark-parse@11.0.0
│ │ ├── @types/mdast@4.0.4 deduped
│ │ ├─┬ mdast-util-from-markdown@2.0.3
│ │ │ ├── @types/mdast@4.0.4 deduped
│ │ │ ├── @types/unist@3.0.3 deduped
│ │ │ ├─┬ decode-named-character-reference@1.3.0
│ │ │ │ └── character-entities@2.0.2
│ │ │ ├── devlop@1.1.0 deduped
│ │ │ ├─┬ mdast-util-to-string@4.0.0
│ │ │ │ └── @types/mdast@4.0.4 deduped
│ │ │ ├─┬ micromark-util-decode-numeric-character-reference@2.0.2
│ │ │ │ └── micromark-util-symbol@2.0.1 deduped
│ │ │ ├─┬ micromark-util-decode-string@2.0.1
│ │ │ │ ├── decode-named-character-reference@1.3.0 deduped
│ │ │ │ ├── micromark-util-character@2.1.1 deduped
│ │ │ │ ├── micromark-util-decode-numeric-character-reference@2.0.2 deduped
│ │ │ │ └── micromark-util-symbol@2.0.1 deduped
│ │ │ ├─┬ micromark-util-normalize-identifier@2.0.1
│ │ │ │ └── micromark-util-symbol@2.0.1 deduped
│ │ │ ├── micromark-util-symbol@2.0.1 deduped
│ │ │ ├── micromark-util-types@2.0.2 deduped
│ │ │ ├─┬ micromark@4.0.2
│ │ │ │ ├─┬ @types/debug@4.1.13
│ │ │ │ │ └── @types/ms@2.1.0
│ │ │ │ ├─┬ debug@4.4.3
│ │ │ │ │ └── ms@2.1.3
│ │ │ │ ├── decode-named-character-reference@1.3.0 deduped
│ │ │ │ ├── devlop@1.1.0 deduped
│ │ │ │ ├── micromark-core-commonmark@2.0.3 deduped
│ │ │ │ ├── micromark-factory-space@2.0.1 deduped
│ │ │ │ ├── micromark-util-character@2.1.1 deduped
│ │ │ │ ├── micromark-util-chunked@2.0.1 deduped
│ │ │ │ ├── micromark-util-combine-extensions@2.0.1 deduped
│ │ │ │ ├── micromark-util-decode-numeric-character-reference@2.0.2 deduped
│ │ │ │ ├── micromark-util-encode@2.0.1 deduped
│ │ │ │ ├── micromark-util-normalize-identifier@2.0.1 deduped
│ │ │ │ ├── micromark-util-resolve-all@2.0.1 deduped
│ │ │ │ ├── micromark-util-sanitize-uri@2.0.1 deduped
│ │ │ │ ├─┬ micromark-util-subtokenize@2.1.0
│ │ │ │ │ ├── devlop@1.1.0 deduped
│ │ │ │ │ ├── micromark-util-chunked@2.0.1 deduped
│ │ │ │ │ ├── micromark-util-symbol@2.0.1 deduped
│ │ │ │ │ └── micromark-util-types@2.0.2 deduped
│ │ │ │ ├── micromark-util-symbol@2.0.1 deduped
│ │ │ │ └── micromark-util-types@2.0.2 deduped
│ │ │ └── unist-util-stringify-position@4.0.0 deduped
│ │ ├── micromark-util-types@2.0.2
│ │ └── unified@11.0.5 deduped
│ ├─┬ remark-rehype@11.1.2
│ │ ├── @types/hast@3.0.5 deduped
│ │ ├── @types/mdast@4.0.4 deduped
│ │ ├── mdast-util-to-hast@13.2.1 deduped
│ │ ├── unified@11.0.5 deduped
│ │ └── vfile@6.0.3 deduped
│ ├─┬ unified@11.0.5
│ │ ├── @types/unist@3.0.3 deduped
│ │ ├── bail@2.0.2
│ │ ├── devlop@1.1.0 deduped
│ │ ├── extend@3.0.2
│ │ ├── is-plain-obj@4.1.0
│ │ ├── trough@2.2.0
│ │ └── vfile@6.0.3 deduped
│ ├─┬ unist-util-visit@5.1.0
│ │ ├── @types/unist@3.0.3 deduped
│ │ ├─┬ unist-util-is@6.0.1
│ │ │ └── @types/unist@3.0.3 deduped
│ │ └─┬ unist-util-visit-parents@6.0.2
│ │   ├── @types/unist@3.0.3 deduped
│ │   └── unist-util-is@6.0.1 deduped
│ └─┬ vfile@6.0.3
│   ├── @types/unist@3.0.3 deduped
│   └── vfile-message@4.0.3 deduped
├── react@19.3.0
├─┬ remark-gfm@4.0.1
│ ├── @types/mdast@4.0.4 deduped
│ ├─┬ mdast-util-gfm@3.1.0
│ │ ├── mdast-util-from-markdown@2.0.3 deduped
│ │ ├─┬ mdast-util-gfm-autolink-literal@2.0.1
│ │ │ ├── @types/mdast@4.0.4 deduped
│ │ │ ├── ccount@2.0.1 deduped
│ │ │ ├── devlop@1.1.0 deduped
│ │ │ ├─┬ mdast-util-find-and-replace@3.0.2
│ │ │ │ ├── @types/mdast@4.0.4 deduped
│ │ │ │ ├── escape-string-regexp@5.0.0
│ │ │ │ ├── unist-util-is@6.0.1 deduped
│ │ │ │ └── unist-util-visit-parents@6.0.2 deduped
│ │ │ └── micromark-util-character@2.1.1 deduped
│ │ ├─┬ mdast-util-gfm-footnote@2.1.0
│ │ │ ├── @types/mdast@4.0.4 deduped
│ │ │ ├── devlop@1.1.0 deduped
│ │ │ ├── mdast-util-from-markdown@2.0.3 deduped
│ │ │ ├── mdast-util-to-markdown@2.1.2 deduped
│ │ │ └── micromark-util-normalize-identifier@2.0.1 deduped
│ │ ├─┬ mdast-util-gfm-strikethrough@2.0.0
│ │ │ ├── @types/mdast@4.0.4 deduped
│ │ │ ├── mdast-util-from-markdown@2.0.3 deduped
│ │ │ └── mdast-util-to-markdown@2.1.2 deduped
│ │ ├─┬ mdast-util-gfm-table@2.0.0
│ │ │ ├── @types/mdast@4.0.4 deduped
│ │ │ ├── devlop@1.1.0 deduped
│ │ │ ├── markdown-table@3.0.4
│ │ │ ├── mdast-util-from-markdown@2.0.3 deduped
│ │ │ └── mdast-util-to-markdown@2.1.2 deduped
│ │ ├─┬ mdast-util-gfm-task-list-item@2.0.0
│ │ │ ├── @types/mdast@4.0.4 deduped
│ │ │ ├── devlop@1.1.0 deduped
│ │ │ ├── mdast-util-from-markdown@2.0.3 deduped
│ │ │ └── mdast-util-to-markdown@2.1.2 deduped
│ │ └─┬ mdast-util-to-markdown@2.1.2
│ │   ├── @types/mdast@4.0.4 deduped
│ │   ├── @types/unist@3.0.3 deduped
│ │   ├── longest-streak@3.1.0
│ │   ├─┬ mdast-util-phrasing@4.1.0
│ │   │ ├── @types/mdast@4.0.4 deduped
│ │   │ └── unist-util-is@6.0.1 deduped
│ │   ├── mdast-util-to-string@4.0.0 deduped
│ │   ├─┬ micromark-util-classify-character@2.0.1
│ │   │ ├── micromark-util-character@2.1.1 deduped
│ │   │ ├── micromark-util-symbol@2.0.1 deduped
│ │   │ └── micromark-util-types@2.0.2 deduped
│ │   ├── micromark-util-decode-string@2.0.1 deduped
│ │   ├── unist-util-visit@5.1.0 deduped
│ │   └── zwitch@2.0.4
│ ├─┬ micromark-extension-gfm@3.0.0
│ │ ├─┬ micromark-extension-gfm-autolink-literal@2.1.0
│ │ │ ├── micromark-util-character@2.1.1 deduped
│ │ │ ├── micromark-util-sanitize-uri@2.0.1 deduped
│ │ │ ├── micromark-util-symbol@2.0.1 deduped
│ │ │ └── micromark-util-types@2.0.2 deduped
│ │ ├─┬ micromark-extension-gfm-footnote@2.1.0
│ │ │ ├── devlop@1.1.0 deduped
│ │ │ ├─┬ micromark-core-commonmark@2.0.3
│ │ │ │ ├── decode-named-character-reference@1.3.0 deduped
│ │ │ │ ├── devlop@1.1.0 deduped
│ │ │ │ ├─┬ micromark-factory-destination@2.0.1
│ │ │ │ │ ├── micromark-util-character@2.1.1 deduped
│ │ │ │ │ ├── micromark-util-symbol@2.0.1 deduped
│ │ │ │ │ └── micromark-util-types@2.0.2 deduped
│ │ │ │ ├─┬ micromark-factory-label@2.0.1
│ │ │ │ │ ├── devlop@1.1.0 deduped
│ │ │ │ │ ├── micromark-util-character@2.1.1 deduped
│ │ │ │ │ ├── micromark-util-symbol@2.0.1 deduped
│ │ │ │ │ └── micromark-util-types@2.0.2 deduped
│ │ │ │ ├── micromark-factory-space@2.0.1 deduped
│ │ │ │ ├─┬ micromark-factory-title@2.0.1
│ │ │ │ │ ├── micromark-factory-space@2.0.1 deduped
│ │ │ │ │ ├── micromark-util-character@2.1.1 deduped
│ │ │ │ │ ├── micromark-util-symbol@2.0.1 deduped
│ │ │ │ │ └── micromark-util-types@2.0.2 deduped
│ │ │ │ ├─┬ micromark-factory-whitespace@2.0.1
│ │ │ │ │ ├── micromark-factory-space@2.0.1 deduped
│ │ │ │ │ ├── micromark-util-character@2.1.1 deduped
│ │ │ │ │ ├── micromark-util-symbol@2.0.1 deduped
│ │ │ │ │ └── micromark-util-types@2.0.2 deduped
│ │ │ │ ├── micromark-util-character@2.1.1 deduped
│ │ │ │ ├── micromark-util-chunked@2.0.1 deduped
│ │ │ │ ├── micromark-util-classify-character@2.0.1 deduped
│ │ │ │ ├── micromark-util-html-tag-name@2.0.1
│ │ │ │ ├── micromark-util-normalize-identifier@2.0.1 deduped
│ │ │ │ ├── micromark-util-resolve-all@2.0.1 deduped
│ │ │ │ ├── micromark-util-subtokenize@2.1.0 deduped
│ │ │ │ ├── micromark-util-symbol@2.0.1 deduped
│ │ │ │ └── micromark-util-types@2.0.2 deduped
│ │ │ ├─┬ micromark-factory-space@2.0.1
│ │ │ │ ├── micromark-util-character@2.1.1 deduped
│ │ │ │ └── micromark-util-types@2.0.2 deduped
│ │ │ ├── micromark-util-character@2.1.1 deduped
│ │ │ ├── micromark-util-normalize-identifier@2.0.1 deduped
│ │ │ ├── micromark-util-sanitize-uri@2.0.1 deduped
│ │ │ ├── micromark-util-symbol@2.0.1 deduped
│ │ │ └── micromark-util-types@2.0.2 deduped
│ │ ├─┬ micromark-extension-gfm-strikethrough@2.1.0
│ │ │ ├── devlop@1.1.0 deduped
│ │ │ ├─┬ micromark-util-chunked@2.0.1
│ │ │ │ └── micromark-util-symbol@2.0.1 deduped
│ │ │ ├── micromark-util-classify-character@2.0.1 deduped
│ │ │ ├─┬ micromark-util-resolve-all@2.0.1
│ │ │ │ └── micromark-util-types@2.0.2 deduped
│ │ │ ├── micromark-util-symbol@2.0.1 deduped
│ │ │ └── micromark-util-types@2.0.2 deduped
│ │ ├─┬ micromark-extension-gfm-table@2.1.2
│ │ │ ├── devlop@1.1.0 deduped
│ │ │ ├── micromark-factory-space@2.0.1 deduped
│ │ │ ├── micromark-util-character@2.1.1 deduped
│ │ │ ├── micromark-util-symbol@2.0.1 deduped
│ │ │ └── micromark-util-types@2.0.2 deduped
│ │ ├─┬ micromark-extension-gfm-tagfilter@2.0.0
│ │ │ └── micromark-util-types@2.0.2 deduped
│ │ ├─┬ micromark-extension-gfm-task-list-item@2.1.0
│ │ │ ├── devlop@1.1.0 deduped
│ │ │ ├── micromark-factory-space@2.0.1 deduped
│ │ │ ├── micromark-util-character@2.1.1 deduped
│ │ │ ├── micromark-util-symbol@2.0.1 deduped
│ │ │ └── micromark-util-types@2.0.2 deduped
│ │ ├─┬ micromark-util-combine-extensions@2.0.1
│ │ │ ├── micromark-util-chunked@2.0.1 deduped
│ │ │ └── micromark-util-types@2.0.2 deduped
│ │ └── micromark-util-types@2.0.2 deduped
│ ├── remark-parse@11.0.0 deduped
│ ├─┬ remark-stringify@11.0.0
│ │ ├── @types/mdast@4.0.4 deduped
│ │ ├── mdast-util-to-markdown@2.1.2 deduped
│ │ └── unified@11.0.5 deduped
│ └── unified@11.0.5 deduped
├─┬ typescript@7.0.2
│ ├── UNMET OPTIONAL DEPENDENCY @typescript/typescript-aix-ppc64@7.0.2
│ ├── UNMET OPTIONAL DEPENDENCY @typescript/typescript-darwin-arm64@7.0.2
│ ├── UNMET OPTIONAL DEPENDENCY @typescript/typescript-darwin-x64@7.0.2
│ ├── UNMET OPTIONAL DEPENDENCY @typescript/typescript-freebsd-arm64@7.0.2
│ ├── UNMET OPTIONAL DEPENDENCY @typescript/typescript-freebsd-x64@7.0.2
│ ├── UNMET OPTIONAL DEPENDENCY @typescript/typescript-linux-arm@7.0.2
│ ├── UNMET OPTIONAL DEPENDENCY @typescript/typescript-linux-arm64@7.0.2
│ ├── UNMET OPTIONAL DEPENDENCY @typescript/typescript-linux-loong64@7.0.2
│ ├── UNMET OPTIONAL DEPENDENCY @typescript/typescript-linux-mips64el@7.0.2
│ ├── UNMET OPTIONAL DEPENDENCY @typescript/typescript-linux-ppc64@7.0.2
│ ├── UNMET OPTIONAL DEPENDENCY @typescript/typescript-linux-riscv64@7.0.2
│ ├── UNMET OPTIONAL DEPENDENCY @typescript/typescript-linux-s390x@7.0.2
│ ├── @typescript/typescript-linux-x64@7.0.2
│ ├── UNMET OPTIONAL DEPENDENCY @typescript/typescript-netbsd-arm64@7.0.2
│ ├── UNMET OPTIONAL DEPENDENCY @typescript/typescript-netbsd-x64@7.0.2
│ ├── UNMET OPTIONAL DEPENDENCY @typescript/typescript-openbsd-arm64@7.0.2
│ ├── UNMET OPTIONAL DEPENDENCY @typescript/typescript-openbsd-x64@7.0.2
│ ├── UNMET OPTIONAL DEPENDENCY @typescript/typescript-sunos-x64@7.0.2
│ ├── UNMET OPTIONAL DEPENDENCY @typescript/typescript-win32-arm64@7.0.2
│ └── UNMET OPTIONAL DEPENDENCY @typescript/typescript-win32-x64@7.0.2
├─┬ vite@8.3.0
│ ├── @types/node@26.6.2 deduped
│ ├── UNMET OPTIONAL DEPENDENCY @vitejs/devtools@^0.7.1
│ ├── UNMET OPTIONAL DEPENDENCY esbuild@^0.27.0 || ^0.28.0
│ ├── UNMET OPTIONAL DEPENDENCY fsevents@~2.3.3
│ ├── UNMET OPTIONAL DEPENDENCY jiti@>=1.21.0
│ ├── UNMET OPTIONAL DEPENDENCY less@^4.0.0
│ ├─┬ lightningcss@1.33.0
│ │ ├── detect-libc@2.1.2
│ │ ├── UNMET OPTIONAL DEPENDENCY lightningcss-android-arm64@1.33.0
│ │ ├── UNMET OPTIONAL DEPENDENCY lightningcss-darwin-arm64@1.33.0
│ │ ├── UNMET OPTIONAL DEPENDENCY lightningcss-darwin-x64@1.33.0
│ │ ├── UNMET OPTIONAL DEPENDENCY lightningcss-freebsd-x64@1.33.0
│ │ ├── UNMET OPTIONAL DEPENDENCY lightningcss-linux-arm-gnueabihf@1.33.0
│ │ ├── UNMET OPTIONAL DEPENDENCY lightningcss-linux-arm64-gnu@1.33.0
│ │ ├── UNMET OPTIONAL DEPENDENCY lightningcss-linux-arm64-musl@1.33.0
│ │ ├── lightningcss-linux-x64-gnu@1.33.0
│ │ ├── UNMET OPTIONAL DEPENDENCY lightningcss-linux-x64-musl@1.33.0
│ │ ├── UNMET OPTIONAL DEPENDENCY lightningcss-win32-arm64-msvc@1.33.0
│ │ └── UNMET OPTIONAL DEPENDENCY lightningcss-win32-x64-msvc@1.33.0
│ ├── picomatch@4.0.7
│ ├─┬ postcss@8.5.28
│ │ ├── nanoid@3.3.19
│ │ ├── picocolors@1.1.1 deduped
│ │ └── source-map-js@1.2.1 deduped
│ ├─┬ rolldown@1.2.9
│ │ ├── @oxc-project/types@0.150.0
│ │ ├── UNMET OPTIONAL DEPENDENCY @rolldown/binding-android-arm-eabi@1.2.9
│ │ ├── UNMET OPTIONAL DEPENDENCY @rolldown/binding-android-arm64@1.2.9
│ │ ├── UNMET OPTIONAL DEPENDENCY @rolldown/binding-darwin-arm64@1.2.9
│ │ ├── UNMET OPTIONAL DEPENDENCY @rolldown/binding-darwin-x64@1.2.9
│ │ ├── UNMET OPTIONAL DEPENDENCY @rolldown/binding-freebsd-x64@1.2.9
│ │ ├── UNMET OPTIONAL DEPENDENCY @rolldown/binding-linux-arm-gnueabihf@1.2.9
│ │ ├── UNMET OPTIONAL DEPENDENCY @rolldown/binding-linux-arm64-gnu@1.2.9
│ │ ├── UNMET OPTIONAL DEPENDENCY @rolldown/binding-linux-arm64-musl@1.2.9
│ │ ├── UNMET OPTIONAL DEPENDENCY @rolldown/binding-linux-ppc64-gnu@1.2.9
│ │ ├── UNMET OPTIONAL DEPENDENCY @rolldown/binding-linux-s390x-gnu@1.2.9
│ │ ├── @rolldown/binding-linux-x64-gnu@1.2.9
│ │ ├── UNMET OPTIONAL DEPENDENCY @rolldown/binding-linux-x64-musl@1.2.9
│ │ ├── UNMET OPTIONAL DEPENDENCY @rolldown/binding-openharmony-arm64@1.2.9
│ │ ├── UNMET OPTIONAL DEPENDENCY @rolldown/binding-win32-arm64-msvc@1.2.9
│ │ ├── UNMET OPTIONAL DEPENDENCY @rolldown/binding-win32-x64-msvc@1.2.9
│ │ └── @rolldown/pluginutils@1.0.1 deduped
│ ├── UNMET OPTIONAL DEPENDENCY sass-embedded@^1.70.0
│ ├── UNMET OPTIONAL DEPENDENCY sass@^1.70.0
│ ├── UNMET OPTIONAL DEPENDENCY stylus@>=0.54.8
│ ├── UNMET OPTIONAL DEPENDENCY sugarss@^5.0.0
│ ├── UNMET OPTIONAL DEPENDENCY terser@^5.16.0
│ ├─┬ tinyglobby@0.2.17
│ │ ├─┬ fdir@6.5.0
│ │ │ └── picomatch@4.0.7 deduped
│ │ └── picomatch@4.0.7 deduped
│ ├── UNMET OPTIONAL DEPENDENCY tsx@^4.8.1
│ └── UNMET OPTIONAL DEPENDENCY yaml@^2.4.2
└─┬ vitest@5.0.1
  ├── UNMET OPTIONAL DEPENDENCY @edge-runtime/vm@*
  ├── UNMET OPTIONAL DEPENDENCY @opentelemetry/api@^1.9.0
  ├─┬ @types/chai@5.2.3
  │ ├── @types/deep-eql@4.0.2
  │ └── assertion-error@2.0.1
  ├── @types/node@26.6.2 deduped
  ├── UNMET OPTIONAL DEPENDENCY @vitest/browser-playwright@5.0.1
  ├── UNMET OPTIONAL DEPENDENCY @vitest/browser-preview@5.0.1
  ├── UNMET OPTIONAL DEPENDENCY @vitest/browser-webdriverio@^5.0.0-beta.5 || >=5.0.0
  ├── UNMET OPTIONAL DEPENDENCY @vitest/coverage-istanbul@5.0.1
  ├── UNMET OPTIONAL DEPENDENCY @vitest/coverage-v8@5.0.1
  ├─┬ @vitest/mocker@5.0.1
  │ ├─┬ @jridgewell/trace-mapping@0.3.31
  │ │ ├── @jridgewell/resolve-uri@3.1.2
  │ │ └── @jridgewell/sourcemap-codec@1.6.0 deduped
  │ ├── @vitest/spy@5.0.1
  │ ├─┬ estree-walker@3.0.3
  │ │ └── @types/estree@1.0.9 deduped
  │ ├── magic-string@1.4.1 deduped
  │ ├── UNMET OPTIONAL DEPENDENCY msw@^2.4.9
  │ └── vite@8.3.0 deduped
  ├── UNMET OPTIONAL DEPENDENCY @vitest/ui@5.0.1
  ├── chai@6.2.2
  ├── es-module-lexer@2.3.2
  ├── expect-type@1.4.0
  ├── UNMET OPTIONAL DEPENDENCY happy-dom@*
  ├── jsdom@30.1.0 deduped
  ├─┬ magic-string@1.4.1
  │ └── @jridgewell/sourcemap-codec@1.6.0
  ├── obug@2.2.1
  ├── picomatch@4.0.7 deduped
  ├── std-env@4.2.0
  ├── tinybench@6.1.4
  ├── tinyexec@1.3.0
  ├── tinyglobby@0.2.17 deduped
  ├── vite@8.3.0 deduped
  └─┬ why-is-node-running@2.3.0
    ├── siginfo@2.0.0
    └── stackback@0.0.2


> ai-harness-web@0.0.3 typecheck
> tsc --noEmit


> ai-harness-web@0.0.3 build
> tsc --noEmit && vite build

vite v8.3.0 building client environment for production...
transforming...
✓ 2146 modules transformed.
rendering chunks...
computing gzip size...
dist/index.html                   0.44 kB │ gzip:   0.28 kB
dist/assets/index-DO7A_cev.css   20.21 kB │ gzip:   5.53 kB
dist/assets/index-B7BgLW5K.js   443.76 kB │ gzip: 136.07 kB

✓ built in 314ms
