✔ retained frontier identities retain both visible rows without relabeling identities or altering Qwen/image (3.8895ms)
✔ MiMo readiness requires exact fresh canonical node observation; GLM ready cannot supply it (2.03475ms)
✔ one shared owner survives GLM/MiMo alias switch and restart; no unrelated clear (76.95525ms)
✔ canonical count bytes equal dispatch, actual selected service, validated serial completion releases existing lane (21.834333ms)
✔ full tool stream is retained until HTTP drain; incomplete EOF quarantines without tool execution/replay (10.233041ms)
✔ consumer disconnect keeps native drain owner; valid completion allows next serial request (35.820458ms)
✔ identity change after drain quarantines, never releases based on HTTP alone (8.398625ms)
✔ native observations separate static provenance from props/slots and reject capacity/template drift (0.652875ms)
✔ strict nested schemas preserved; false storage discarded before canonical count, unsupported options rejected (0.346083ms)
✔ selected registry reports both canonical inventory identities on the shared frontier (7.01475ms)
✔ granular qualification cannot mistake arithmetic or requested ceiling for native occupied/output proof (0.151333ms)
✔ durable unresolved request blocks a switch even if lane row was missing (1.727708ms)
✔ MiMo elapsed budget is eight hours; Qwen and GLM retain two, fixture timeouts do not replay (1020.320916ms)
ℹ tests 13
ℹ suites 0
ℹ pass 13
ℹ fail 0
ℹ cancelled 0
ℹ skipped 0
ℹ todo 0
ℹ duration_ms 1416.781667
