test_bounded_records_scalars_and_evidence (test_control_catalog.CatalogTests.test_bounded_records_scalars_and_evidence) ... ok
test_catalog_never_reads_or_stats_model_weights (test_control_catalog.CatalogTests.test_catalog_never_reads_or_stats_model_weights) ... ok
test_configured_context_never_becomes_verified_occupied_context (test_control_catalog.CatalogTests.test_configured_context_never_becomes_verified_occupied_context) ... ok
test_declared_capabilities_and_resource_provenance (test_control_catalog.CatalogTests.test_declared_capabilities_and_resource_provenance) ... ok
test_discovery_tracks_each_port_and_alias_as_server_relative (test_control_catalog.CatalogTests.test_discovery_tracks_each_port_and_alias_as_server_relative) ... ok
test_failed_operation_and_unhealthy_desired_backend (test_control_catalog.CatalogTests.test_failed_operation_and_unhealthy_desired_backend) ... ok
test_inputs_and_returned_records_cannot_mutate_catalog (test_control_catalog.CatalogTests.test_inputs_and_returned_records_cannot_mutate_catalog) ... ok
test_installed_evidence_with_failed_small_checks_is_unavailable (test_control_catalog.CatalogTests.test_installed_evidence_with_failed_small_checks_is_unavailable) ... ok
test_last_failed_transition_remains_visible_without_owned_loading (test_control_catalog.CatalogTests.test_last_failed_transition_remains_visible_without_owned_loading) ... ok
test_loading_requires_owned_running_operation (test_control_catalog.CatalogTests.test_loading_requires_owned_running_operation) ... ok
test_missing_acquisition_evidence_does_not_advertise_installed (test_control_catalog.CatalogTests.test_missing_acquisition_evidence_does_not_advertise_installed) ... ok
test_missing_configured_context_is_unknown (test_control_catalog.CatalogTests.test_missing_configured_context_is_unknown) ... ok
test_model_list_and_saved_ready_during_warmup_never_ready (test_control_catalog.CatalogTests.test_model_list_and_saved_ready_during_warmup_never_ready) ... ok
test_numeric_and_iso_observation_times_and_invalid_numbers (test_control_catalog.CatalogTests.test_numeric_and_iso_observation_times_and_invalid_numbers) ... ok
test_response_allowlist_excludes_paths_commands_secrets_raw_objects (test_control_catalog.CatalogTests.test_response_allowlist_excludes_paths_commands_secrets_raw_objects) ... ok
test_third_future_model_is_generic_and_multiple_deployments_allowed (test_control_catalog.CatalogTests.test_third_future_model_is_generic_and_multiple_deployments_allowed) ... ok
test_true_ready_requires_all_proofs_and_matching_observation (test_control_catalog.CatalogTests.test_true_ready_requires_all_proofs_and_matching_observation) ... ok
test_uninstalled_historical_and_research_entries_excluded (test_control_catalog.CatalogTests.test_uninstalled_historical_and_research_entries_excluded) ... ok
test_unknown_capabilities_and_resources_not_guessed (test_control_catalog.CatalogTests.test_unknown_capabilities_and_resources_not_guessed) ... ok
test_unknown_storage_and_observations_never_ready (test_control_catalog.CatalogTests.test_unknown_storage_and_observations_never_ready) ... ok
test_unsafe_endpoint_contracts_rejected_without_values_in_error (test_control_catalog.CatalogTests.test_unsafe_endpoint_contracts_rejected_without_values_in_error) ... ok
test_verified_tools_require_end_to_end_evidence (test_control_catalog.CatalogTests.test_verified_tools_require_end_to_end_evidence) ... ok
test_every_ready_proof_requires_exact_true (test_control_core_guards.ObservationGuards.test_every_ready_proof_requires_exact_true) ... ok
test_immutable_identity_fields_all_required (test_control_core_guards.ObservationGuards.test_immutable_identity_fields_all_required) ... ok
test_matching_selection_container_and_running_intent_required (test_control_core_guards.ObservationGuards.test_matching_selection_container_and_running_intent_required) ... ok
test_observation_projects_no_private_objects (test_control_core_guards.ObservationGuards.test_observation_projects_no_private_objects) ... ok
test_polling_timestamps_and_health_do_not_change_fingerprint (test_control_core_guards.ObservationGuards.test_polling_timestamps_and_health_do_not_change_fingerprint) ... ok
test_same_profile_new_container_or_start_changes_identity (test_control_core_guards.ObservationGuards.test_same_profile_new_container_or_start_changes_identity) ... ok
test_saved_ready_and_model_list_alone_are_not_ready (test_control_core_guards.ObservationGuards.test_saved_ready_and_model_list_alone_are_not_ready) ... ok
test_storage_loss_or_unknown_storage_never_ready (test_control_core_guards.ObservationGuards.test_storage_loss_or_unknown_storage_never_ready) ... ok
test_unavailable_observation_has_no_stale_active_identity (test_control_core_guards.ObservationGuards.test_unavailable_observation_has_no_stale_active_identity) ... ok
test_arbitrary_configuration_fields_rejected (test_control_core_guards.RequestGuards.test_arbitrary_configuration_fields_rejected) ... ok
test_canonical_request_digest_ignores_field_order (test_control_core_guards.RequestGuards.test_canonical_request_digest_ignores_field_order) ... ok
test_expected_active_is_opaque_identity_or_null (test_control_core_guards.RequestGuards.test_expected_active_is_opaque_identity_or_null) ... ok
test_expected_generation_is_bounded_integer_not_bool (test_control_core_guards.RequestGuards.test_expected_generation_is_bounded_integer_not_bool) ... ok
test_idempotency_is_bounded_opaque_header (test_control_core_guards.RequestGuards.test_idempotency_is_bounded_opaque_header) ... ok
test_identifier_bounds_and_types (test_control_core_guards.RequestGuards.test_identifier_bounds_and_types) ... ok
test_interruption_acknowledgment_is_exact_boolean (test_control_core_guards.RequestGuards.test_interruption_acknowledgment_is_exact_boolean) ... ok
test_invalid_json_never_becomes_request (test_control_core_guards.RequestGuards.test_invalid_json_never_becomes_request) ... ok
test_json_content_type_required (test_control_core_guards.RequestGuards.test_json_content_type_required) ... ok
test_missing_required_fields_rejected (test_control_core_guards.RequestGuards.test_missing_required_fields_rejected) ... ok
test_paths_commands_flags_images_and_profiles_rejected (test_control_core_guards.RequestGuards.test_paths_commands_flags_images_and_profiles_rejected) ... ok
test_valid_switch_and_stop_exact_schemas (test_control_core_guards.RequestGuards.test_valid_switch_and_stop_exact_schemas) ... ok
test_deadline_is_monotonic_and_fails_at_expiry (test_control_core_guards.ResponseAndBindingGuards.test_deadline_is_monotonic_and_fails_at_expiry) ... ok
test_operation_projection_excludes_private_receipts (test_control_core_guards.ResponseAndBindingGuards.test_operation_projection_excludes_private_receipts) ... ok
test_operation_projection_filters_nested_outcome_fields (test_control_core_guards.ResponseAndBindingGuards.test_operation_projection_filters_nested_outcome_fields) ... ok
test_operation_projection_filters_unknown_failure_codes (test_control_core_guards.ResponseAndBindingGuards.test_operation_projection_filters_unknown_failure_codes) ... ok
test_outcome_projection_excludes_private_observation (test_control_core_guards.ResponseAndBindingGuards.test_outcome_projection_excludes_private_observation) ... ok
test_production_binding_refuses_without_any_fixture_fallback (test_control_core_guards.ResponseAndBindingGuards.test_production_binding_refuses_without_any_fixture_fallback) ... ok
test_unknown_exception_codes_are_never_echoed (test_control_core_guards.ResponseAndBindingGuards.test_unknown_exception_codes_are_never_echoed) ... ok
test_actual_manager_discovers_third_future_model_and_variant_generically (test_control_discovery.DiscoveryTests.test_actual_manager_discovers_third_future_model_and_variant_generically) ... ok
test_actual_protected_reader_rejects_receipt_mode_and_symlink (test_control_discovery.DiscoveryTests.test_actual_protected_reader_rejects_receipt_mode_and_symlink) ... ok
test_deadline_and_catalog_cardinality_are_bounded (test_control_discovery.DiscoveryTests.test_deadline_and_catalog_cardinality_are_bounded) ... ok
test_legacy_and_research_profile_presence_do_not_install (test_control_discovery.DiscoveryTests.test_legacy_and_research_profile_presence_do_not_install) ... ok
test_lost_storage_cannot_advertise_installed_or_ready (test_control_discovery.DiscoveryTests.test_lost_storage_cannot_advertise_installed_or_ready) ... ok
test_manifest_hash_is_bound_to_model_instance_and_receipt (test_control_discovery.DiscoveryTests.test_manifest_hash_is_bound_to_model_instance_and_receipt) ... ok
test_metadata_and_capabilities_are_allowlisted_and_saved_ready_is_not_proof (test_control_discovery.DiscoveryTests.test_metadata_and_capabilities_are_allowlisted_and_saved_ready_is_not_proof) ... ok
test_missing_and_false_installed_evidence_remain_known_unavailable (test_control_discovery.DiscoveryTests.test_missing_and_false_installed_evidence_remain_known_unavailable) ... ok
test_missing_runtime_attestation_leaves_installed_unavailable (test_control_discovery.DiscoveryTests.test_missing_runtime_attestation_leaves_installed_unavailable) ... ok
test_production_source_trust_rejects_user_owned_checkout (test_control_discovery.DiscoveryTests.test_production_source_trust_rejects_user_owned_checkout) ... ok
test_reads_no_model_key_state_docker_or_preflight (test_control_discovery.DiscoveryTests.test_reads_no_model_key_state_docker_or_preflight) ... ok
test_receipt_identity_and_artifact_tampering_fail_closed (test_control_discovery.DiscoveryTests.test_receipt_identity_and_artifact_tampering_fail_closed) ... ok
test_reserved_control_port_keeps_installed_target_unavailable (test_control_discovery.DiscoveryTests.test_reserved_control_port_keeps_installed_target_unavailable) ... ok
test_absolute_deadline_closes_slow_application_socket (test_control_http_transport.TransportTests.test_absolute_deadline_closes_slow_application_socket) ... ok
test_absolute_deadline_defeats_drip_feed (test_control_http_transport.TransportTests.test_absolute_deadline_defeats_drip_feed) ... ok
test_absolute_deadline_includes_body (test_control_http_transport.TransportTests.test_absolute_deadline_includes_body) ... ok
test_aggregate_header_limit (test_control_http_transport.TransportTests.test_aggregate_header_limit) ... ok
test_all_routes_authenticate_before_application (test_control_http_transport.TransportTests.test_all_routes_authenticate_before_application) ... ok
test_application_exceptions_are_generic_and_unlogged (test_control_http_transport.TransportTests.test_application_exceptions_are_generic_and_unlogged) ... ok
test_authenticated_requests_have_safe_headers_only (test_control_http_transport.TransportTests.test_authenticated_requests_have_safe_headers_only) ... ok
test_body_limit_rejected_without_reading_body (test_control_http_transport.TransportTests.test_body_limit_rejected_without_reading_body) ... ok
test_browser_origins_are_rejected_without_cors (test_control_http_transport.TransportTests.test_browser_origins_are_rejected_without_cors) ... ok
test_connection_threads_are_bounded_and_slots_recover (test_control_http_transport.TransportTests.test_connection_threads_are_bounded_and_slots_recover) ... ok
test_exact_body_bound_accepted (test_control_http_transport.TransportTests.test_exact_body_bound_accepted) ... ok
test_exact_header_bytes_limit (test_control_http_transport.TransportTests.test_exact_header_bytes_limit) ... ok
test_exact_header_count_limit (test_control_http_transport.TransportTests.test_exact_header_count_limit) ... ok
test_exact_request_line_limit (test_control_http_transport.TransportTests.test_exact_request_line_limit) ... ok
test_exact_response_body_limit (test_control_http_transport.TransportTests.test_exact_response_body_limit) ... ok
test_expect_continue_is_not_supported (test_control_http_transport.TransportTests.test_expect_continue_is_not_supported) ... ok
test_get_rejects_body (test_control_http_transport.TransportTests.test_get_rejects_body) ... ok
test_header_count_limit (test_control_http_transport.TransportTests.test_header_count_limit) ... ok
test_json_boundary_is_enforced (test_control_http_transport.TransportTests.test_json_boundary_is_enforced) ... ok
test_loopback_only_and_key_validation (test_control_http_transport.TransportTests.test_loopback_only_and_key_validation) ... ok
test_malformed_or_ambiguous_headers_rejected (test_control_http_transport.TransportTests.test_malformed_or_ambiguous_headers_rejected) ... ok
test_nonorigin_and_malformed_request_lines_rejected (test_control_http_transport.TransportTests.test_nonorigin_and_malformed_request_lines_rejected) ... ok
test_one_request_per_connection_prevents_pipeline_work (test_control_http_transport.TransportTests.test_one_request_per_connection_prevents_pipeline_work) ... ok
test_oversized_or_invalid_responses_fail_closed (test_control_http_transport.TransportTests.test_oversized_or_invalid_responses_fail_closed) ... ok
test_post_requires_length_and_json_content_type (test_control_http_transport.TransportTests.test_post_requires_length_and_json_content_type) ... ok
test_read_handler_responds_while_other_handler_waits (test_control_http_transport.TransportTests.test_read_handler_responds_while_other_handler_waits) ... ok
test_request_errors_do_not_echo_sensitive_input (test_control_http_transport.TransportTests.test_request_errors_do_not_echo_sensitive_input) ... ok
test_request_line_limit (test_control_http_transport.TransportTests.test_request_line_limit) ... ok
test_unsupported_methods_authenticate_first (test_control_http_transport.TransportTests.test_unsupported_methods_authenticate_first) ... ok
test_websocket_and_chunking_are_rejected (test_control_http_transport.TransportTests.test_websocket_and_chunking_are_rejected) ... ok
test_wrong_auth_is_constant_response (test_control_http_transport.TransportTests.test_wrong_auth_is_constant_response) ... ok
test_fresh_process_imports_only_manifest_recovery_closure_from_root_cwd (test_control_installation.EntrypointAndClosureTests.test_fresh_process_imports_only_manifest_recovery_closure_from_root_cwd) ... ok
test_validated_check_does_not_construct_application_or_listener (test_control_installation.EntrypointAndClosureTests.test_validated_check_does_not_construct_application_or_listener) ... ok
test_worker_cli_help_refusal_and_no_configuration_override (test_control_installation.EntrypointAndClosureTests.test_worker_cli_help_refusal_and_no_configuration_override) ... ok
test_config_and_key_protection_and_missing_files_refused (test_control_installation.InstallationValidationTests.test_config_and_key_protection_and_missing_files_refused) ... ok
test_config_unknown_fields_duplicate_types_and_invalid_json_refused (test_control_installation.InstallationValidationTests.test_config_unknown_fields_duplicate_types_and_invalid_json_refused) ... ok
test_effective_owner_and_source_location_cannot_be_overridden (test_control_installation.InstallationValidationTests.test_effective_owner_and_source_location_cannot_be_overridden) ... ok
test_exact_fixed_config_keys_and_source_closure_validate (test_control_installation.InstallationValidationTests.test_exact_fixed_config_keys_and_source_closure_validate) ... ok
test_key_length_control_bytes_and_copy_mismatch_refused (test_control_installation.InstallationValidationTests.test_key_length_control_bytes_and_copy_mismatch_refused) ... ok
test_optional_final_newline_and_both_credential_modes_validate (test_control_installation.InstallationValidationTests.test_optional_final_newline_and_both_credential_modes_validate) ... ok
test_source_missing_writable_or_symlink_refused (test_control_installation.InstallationValidationTests.test_source_missing_writable_or_symlink_refused) ... ok
test_bounds_owner_mode_and_root_device_refused (test_control_installation.ProtectedFileTests.test_bounds_owner_mode_and_root_device_refused) ... ok
test_missing_symlink_hardlink_directory_and_writable_file_refused (test_control_installation.ProtectedFileTests.test_missing_symlink_hardlink_directory_and_writable_file_refused) ... ok
test_protected_regular_file_and_exact_device (test_control_installation.ProtectedFileTests.test_protected_regular_file_and_exact_device) ... ok
test_replacement_during_read_refused (test_control_installation.ProtectedFileTests.test_replacement_during_read_refused) ... ok
test_writable_or_symlink_parent_refused (test_control_installation.ProtectedFileTests.test_writable_or_symlink_parent_refused) ... ok
test_all_contract_routes_authenticate_with_real_application (test_control_integration.IntegrationTests.test_all_contract_routes_authenticate_with_real_application) ... ok
test_authenticated_catalog_generic_third_model_and_discovery (test_control_integration.IntegrationTests.test_authenticated_catalog_generic_third_model_and_discovery) ... ok
test_external_process_actual_canonical_lease_contention (test_control_integration.IntegrationTests.test_external_process_actual_canonical_lease_contention) ... ok
test_failed_start_reports_actual_outcome_without_resurrection (test_control_integration.IntegrationTests.test_failed_start_reports_actual_outcome_without_resurrection) ... ok
test_failed_stop_proof_prevents_second_start (test_control_integration.IntegrationTests.test_failed_stop_proof_prevents_second_start) ... ok
test_failed_target_preflight_leaves_old_backend_running (test_control_integration.IntegrationTests.test_failed_target_preflight_leaves_old_backend_running) ... ok
test_full_durable_journal_stop_preserves_keys_with_storage_still_available (test_control_integration.IntegrationTests.test_full_durable_journal_stop_preserves_keys_with_storage_still_available) ... ok
test_full_journal_still_allows_volatile_exact_trusted_stop (test_control_integration.IntegrationTests.test_full_journal_still_allows_volatile_exact_trusted_stop) ... ok
test_idempotency_replay_during_loading_and_after_completion (test_control_integration.IntegrationTests.test_idempotency_replay_during_loading_and_after_completion) ... ok
test_idempotency_survives_real_journal_restart (test_control_integration.IntegrationTests.test_idempotency_survives_real_journal_restart) ... ok
test_interruption_acknowledgment_required_before_work (test_control_integration.IntegrationTests.test_interruption_acknowledgment_required_before_work) ... ok
test_journal_restart_reconciles_interrupted_without_replay (test_control_integration.IntegrationTests.test_journal_restart_reconciles_interrupted_without_replay) ... ok
test_restart_during_storage_loss_exposes_exact_trusted_stop_identity (test_control_integration.IntegrationTests.test_restart_during_storage_loss_exposes_exact_trusted_stop_identity) ... ok
test_same_profile_external_restart_changes_identity_and_generation (test_control_integration.IntegrationTests.test_same_profile_external_restart_changes_identity_and_generation) ... ok
test_simultaneous_switches_admit_exactly_one_and_reads_stay_responsive (test_control_integration.IntegrationTests.test_simultaneous_switches_admit_exactly_one_and_reads_stay_responsive) ... ok
test_stale_generation_and_identity_rejected (test_control_integration.IntegrationTests.test_stale_generation_and_identity_rejected) ... ok
test_stop_pending_receipt_write_failure_uses_exact_volatile_recovery (test_control_integration.IntegrationTests.test_stop_pending_receipt_write_failure_uses_exact_volatile_recovery) ... ok
test_stop_receipt_reports_stopped_and_generation_advances (test_control_integration.IntegrationTests.test_stop_receipt_reports_stopped_and_generation_advances) ... ok
test_stop_running_update_write_failure_uses_exact_volatile_recovery (test_control_integration.IntegrationTests.test_stop_running_update_write_failure_uses_exact_volatile_recovery) ... ok
test_storage_loss_blocks_normal_mutation_but_exact_trusted_stop_succeeds (test_control_integration.IntegrationTests.test_storage_loss_blocks_normal_mutation_but_exact_trusted_stop_succeeds) ... ok
test_storage_loss_recovery_rejects_changed_immutable_identity (test_control_integration.IntegrationTests.test_storage_loss_recovery_rejects_changed_immutable_identity) ... ok
test_storage_loss_recovery_rejects_symlink_and_missing_identity_journal (test_control_integration.IntegrationTests.test_storage_loss_recovery_rejects_symlink_and_missing_identity_journal) ... ok
test_target_full_preflight_precedes_old_stop_and_one_lease (test_control_integration.IntegrationTests.test_target_full_preflight_precedes_old_stop_and_one_lease) ... ok
test_unknown_uninstalled_and_arbitrary_inputs_rejected (test_control_integration.IntegrationTests.test_unknown_uninstalled_and_arbitrary_inputs_rejected) ... ok
test_bounded_malformed_duplicate_and_invalid_utf8_file (test_control_journal.FileStoreTests.test_bounded_malformed_duplicate_and_invalid_utf8_file) ... ok
test_directory_fsync_failure_reports_uncertain_persistence (test_control_journal.FileStoreTests.test_directory_fsync_failure_reports_uncertain_persistence) ... ok
test_directory_replacement_cannot_redirect_commit (test_control_journal.FileStoreTests.test_directory_replacement_cannot_redirect_commit) ... ok
test_failed_atomic_replace_preserves_old_and_removes_temporary (test_control_journal.FileStoreTests.test_failed_atomic_replace_preserves_old_and_removes_temporary) ... ok
test_file_durability_restart_and_private_mode (test_control_journal.FileStoreTests.test_file_durability_restart_and_private_mode) ... ok
test_missing_directory_is_unavailable_not_empty_journal (test_control_journal.FileStoreTests.test_missing_directory_is_unavailable_not_empty_journal) ... ok
test_symlink_and_hardlink_file_rejected_for_read_and_write (test_control_journal.FileStoreTests.test_symlink_and_hardlink_file_rejected_for_read_and_write) ... ok
test_symlink_directory_refused (test_control_journal.FileStoreTests.test_symlink_directory_refused) ... ok
test_unprotected_or_wrong_owner_directory_refused (test_control_journal.FileStoreTests.test_unprotected_or_wrong_owner_directory_refused) ... ok
test_absence_is_empty_and_copies_are_independent (test_control_journal.JournalTests.test_absence_is_empty_and_copies_are_independent) ... ok
test_capacity_never_evicts_unexpired_idempotency_records (test_control_journal.JournalTests.test_capacity_never_evicts_unexpired_idempotency_records) ... ok
test_corruption_and_unavailable_are_distinct_safe_errors (test_control_journal.JournalTests.test_corruption_and_unavailable_are_distinct_safe_errors) ... ok
test_duplicate_idempotency_and_multiple_active_entries_refused (test_control_journal.JournalTests.test_duplicate_idempotency_and_multiple_active_entries_refused) ... ok
test_durable_snapshot_is_not_mutated_by_caller (test_control_journal.JournalTests.test_durable_snapshot_is_not_mutated_by_caller) ... ok
test_invalid_scalars_ids_and_nonfinite_time_rejected (test_control_journal.JournalTests.test_invalid_scalars_ids_and_nonfinite_time_rejected) ... ok
test_restart_preserves_interrupted_work_without_replaying (test_control_journal.JournalTests.test_restart_preserves_interrupted_work_without_replaying) ... ok
test_retention_expires_terminal_only_at_exact_boundary (test_control_journal.JournalTests.test_retention_expires_terminal_only_at_exact_boundary) ... ok
test_unknown_fields_and_raw_objects_are_rejected_before_store (test_control_journal.JournalTests.test_unknown_fields_and_raw_objects_are_rejected_before_store) ... ok
test_write_failure_does_not_report_persistence (test_control_journal.JournalTests.test_write_failure_does_not_report_persistence) ... ok
test_received_l1b_i1c_reaches_actual_roles_and_writer (test_control_production.ActualWriterIntegrationTests.test_received_l1b_i1c_reaches_actual_roles_and_writer)
Candidate verification only; full actual verifier and writer. ... ok
test_actual_missing_mismatched_image_or_entrypoint_never_stops_old (test_control_production.ProductionHTTPTests.test_actual_missing_mismatched_image_or_entrypoint_never_stops_old) ... ok
test_actual_package_pending_marker_blocks_switch_before_stop (test_control_production.ProductionHTTPTests.test_actual_package_pending_marker_blocks_switch_before_stop) ... ok
test_cas_and_interrupt_ack_reject_before_destructive_work (test_control_production.ProductionHTTPTests.test_cas_and_interrupt_ack_reject_before_destructive_work) ... ok
test_equal_control_inference_key_blocks_switch_but_allows_explicit_stop (test_control_production.ProductionHTTPTests.test_equal_control_inference_key_blocks_switch_but_allows_explicit_stop) ... ok
test_every_route_authenticates_before_actual_owner_io (test_control_production.ProductionHTTPTests.test_every_route_authenticates_before_actual_owner_io) ... ok
test_external_canonical_lease_conflicts_without_queue (test_control_production.ProductionHTTPTests.test_external_canonical_lease_conflicts_without_queue) ... ok
test_fresh_storage_loss_uses_exact_run_identity_and_preserves_stop_on_restore (test_control_production.ProductionHTTPTests.test_fresh_storage_loss_uses_exact_run_identity_and_preserves_stop_on_restore) ... ok
test_fresh_subprocess_recovers_over_real_http_without_data_config_or_inference_key (test_control_production.ProductionHTTPTests.test_fresh_subprocess_recovers_over_real_http_without_data_config_or_inference_key) ... ok
test_loading_status_responsive_second_mutation_conflicts (test_control_production.ProductionHTTPTests.test_loading_status_responsive_second_mutation_conflicts) ... ok
test_missing_inference_key_keeps_observed_identity_for_explicit_stop (test_control_production.ProductionHTTPTests.test_missing_inference_key_keeps_observed_identity_for_explicit_stop) ... ok
test_real_observed_readiness_and_server_relative_discovery_no_weight_read (test_control_production.ProductionHTTPTests.test_real_observed_readiness_and_server_relative_discovery_no_weight_read) ... ok
test_recovery_never_adopts_reused_name_or_stops_unrelated_container (test_control_production.ProductionHTTPTests.test_recovery_never_adopts_reused_name_or_stops_unrelated_container) ... ok
test_storage_loss_stop_targets_only_trusted_id_among_unrelated_containers (test_control_production.ProductionHTTPTests.test_storage_loss_stop_targets_only_trusted_id_among_unrelated_containers) ... ok
test_success_receipt_replays_after_fresh_application_without_second_stop (test_control_production.ProductionHTTPTests.test_success_receipt_replays_after_fresh_application_without_second_stop) ... ok
test_switch_borrows_one_lease_and_admits_durably_before_first_stop (test_control_production.ProductionHTTPTests.test_switch_borrows_one_lease_and_admits_durably_before_first_stop) ... ok
test_corrupt_journal_refuses_normal_mutation_without_overwrite (test_control_receipts.ReceiptTests.test_corrupt_journal_refuses_normal_mutation_without_overwrite) ... ok
test_failed_exact_recovery_after_receipt_failure_does_not_leave_pending_admission (test_control_receipts.ReceiptTests.test_failed_exact_recovery_after_receipt_failure_does_not_leave_pending_admission) ... ok
test_initially_unreadable_journal_reloads_retained_keys_and_generation (test_control_receipts.ReceiptTests.test_initially_unreadable_journal_reloads_retained_keys_and_generation) ... ok
test_negative_or_nonfinite_deadlines_cannot_create_an_operation (test_control_receipts.ReceiptTests.test_negative_or_nonfinite_deadlines_cannot_create_an_operation) ... ok
test_reloaded_journal_reconciles_new_identity_from_durable_generation (test_control_receipts.ReceiptTests.test_reloaded_journal_reconciles_new_identity_from_durable_generation) ... ok
test_restart_idempotency_receipt_never_claims_owned_running_operation (test_control_receipts.ReceiptTests.test_restart_idempotency_receipt_never_claims_owned_running_operation) ... ok
test_restoring_older_journal_never_rewinds_volatile_generation (test_control_receipts.ReceiptTests.test_restoring_older_journal_never_rewinds_volatile_generation) ... ok
test_running_save_failure_retains_durable_receipt_after_save_and_restart (test_control_receipts.ReceiptTests.test_running_save_failure_retains_durable_receipt_after_save_and_restart) ... ok
test_slow_journal_get_returns_within_bound_while_write_is_blocked (test_control_receipts.ReceiptTests.test_slow_journal_get_returns_within_bound_while_write_is_blocked) ... ok
test_slow_receipt_write_cancels_without_mutation_and_conflict_is_immediate (test_control_receipts.ReceiptTests.test_slow_receipt_write_cancels_without_mutation_and_conflict_is_immediate) ... ok
test_unhashable_exception_code_is_sanitized (test_control_receipts.ReceiptTests.test_unhashable_exception_code_is_sanitized) ... ok
test_sigkill_after_http_acceptance_reconciles_without_replaying_start (test_control_restart.SubprocessRestartTests.test_sigkill_after_http_acceptance_reconciles_without_replaying_start) ... ok

----------------------------------------------------------------------
Ran 180 tests in 9.348s

OK
