✔ JSONL framing accepts split records; exact duplicate responses are harmless (1.590708ms)
✔ invalid/truncated/process-death and conflicting responses reject without retries (1.883375ms)
✔ unsupported server requests get an explicit denial and no browser/host execution (0.188125ms)
✔ timeout and late response never dispatch a second prompt (12.114167ms)
✖ legacy migration preserves IDs, original messages, events and file bytes; missing metadata later fails closed (11.420292ms)
✔ restart retains native thread/turn and cursor, quarantines uncertain work without replay (9.679208ms)
✔ router rejects cross-engine policy/uncertain resume and does not silently choose MiniMax (0.250833ms)
✔ HTTP policy gate defaults to MiniMax; preview choice is new-chat-only; RPC/config/media rejected (61.232458ms)
ℹ tests 8
ℹ suites 0
ℹ pass 7
ℹ fail 1
ℹ cancelled 0
ℹ skipped 0
ℹ todo 0
ℹ duration_ms 355.677083

✖ failing tests:

test at ai-harness/server/test/codex-persistence.test.ts:1:651
✖ legacy migration preserves IDs, original messages, events and file bytes; missing metadata later fails closed (11.420292ms)
  Error: table files has 7 columns but 8 values were supplied
      at TestContext.<anonymous> (/Users/agent/CodexProjects/llm-orchestration/tasks/H021-ADAPTER01-20260928/repo/ai-harness/server/test/codex-persistence.test.ts:25:12)
      at async Test.run (node:internal/test_runner/test:1409:7)
      at async startSubtestAfterBootstrap (node:internal/test_runner/harness:387:3) {
    code: 'ERR_SQLITE_ERROR',
    errcode: 1,
    errstr: 'SQL logic error'
  }
