
> @ai-harness/server@0.0.3 test
> tsx --test --test-timeout=15000 test/*.test.ts

✔ protected owner rejection diagnostic survives restart without changing public receipt or replaying (14.311125ms)
✔ diagnostic absence and storage failure never backfill history or prevent rejection settlement (5.187167ms)
✔ protected diagnostics distinguish status retrieval from CAS and discard unregistered error data (1.600417ms)
✔ destructive relay freezes before owner dispatch and exact repeats precede stale CAS (1.875042ms)
✔ missing interruption confirmation, failed freeze and post-freeze CAS never dispatch (2.812458ms)
✔ lost owner response survives daemon restart, preserves hold and never replays; guarded recovery settles it (13.226666ms)
✔ uncertain target does not prevent a disjoint healthy peer action (4.160958ms)
✔ successful stop stays held until validated start, preserving peer scope (2.737709ms)
✔ accepted owner receipt polls without repost and readiness cannot become idle proof (2.579833ms)
✔ GPU reset scope uses exact current affected services including unassigned empty scope (2.697833ms)
✔ reboot readiness release requires changed boot plus canonical settlement (1.983125ms)
✔ mismatched owner target or confirmation cannot become settlement proof (1.283125ms)
✔ failed readiness reconciliation never erases canonical succeeded receipt or releases hold (1.583625ms)
✔ changed-boot reboot releases prior stopped lane while unrelated peers are latched or unknown (161.65025ms)
✔ validated start settles only its exact retained canonical stop, never ordinary readiness alone (2.994458ms)
✔ anonymous LAN admin needs exact Host/Origin and signed same-origin CSRF; status alias cannot mutate (79.791209ms)
✖ JSON contract, durable messages/native identity/events and unknown context survive reopening (86.481458ms)
✔ real measurements replace unknown occupancy; compaction preserves complete visible history (64.704791ms)
✔ failed compaction preserves original history and defers final status to successful prompt outcome (71.112ms)
✔ failed compaction preserves original history and defers final status to failed prompt outcome (44.056917ms)
✔ session snapshot message content and event watermark support replay without lost or duplicated deltas (33.308458ms)
✔ workspace queue serializes shared chats while unrelated workspaces run concurrently (45.467333ms)
✔ handoff asks engine for summary, retains old chat, shares workspace and seeds only first new prompt (67.401333ms)
✔ a fresh handoff chat can hand off again without losing its inherited engine summary (56.786625ms)
✔ cancellation during artifact discovery retains workspace ownership until confirmation (71.256458ms)
✔ cancel settles active work; delete remains visible until settled and preserves workspace (54.075209ms)
✔ bounded workspace queue and explicit cancellation never execute cancelled queued prompts (54.406917ms)
✔ cancel acknowledges immediately while prompt and cancel settlement retain the workspace (52.537958ms)
✔ shutdown closes all active runners in parallel before waiting for unresponsive prompts (56.965125ms)
✔ shutdown during workspace preparation cannot create a late native runner or inference token (43.552583ms)
✔ app restart never launches interrupted work or replays effects, and blocks unsafe workspace reuse (31.872292ms)
✔ unknown native background settlement preserves history and blocks queued workspace siblings (51.12375ms)
✔ verified process cleanup releases the workspace without promoting unknown prompt to success (60.946167ms)
✔ verified process cleanup releases the workspace without promoting failed prompt to success (62.825834ms)
✔ verified process cleanup releases the workspace without promoting cancelled prompt to success (79.231708ms)
✔ verified process cleanup releases the workspace without promoting deleted prompt to success (78.292667ms)
✔ Stop settlement checkpoint: after-prompt, cancel rejected, cleanup verified (40.331417ms)
✔ Stop settlement checkpoint: after-prompt, cancel rejected, cleanup unknown (40.54725ms)
✔ Stop settlement checkpoint: after-prompt, cancel timeout, cleanup verified (55.916375ms)
✔ Stop settlement checkpoint: after-prompt, cancel timeout, cleanup unknown (49.190875ms)
✔ Stop settlement checkpoint: after-artifacts, cancel rejected, cleanup verified (98.164667ms)
✔ Stop settlement checkpoint: after-artifacts, cancel rejected, cleanup unknown (66.888542ms)
✔ Stop settlement checkpoint: after-artifacts, cancel timeout, cleanup verified (49.656834ms)
✔ Stop settlement checkpoint: after-artifacts, cancel timeout, cleanup unknown (47.477209ms)
✔ Stop settlement checkpoint: before-prompt, cancel rejected, cleanup verified (51.767917ms)
✔ Stop prompt rejection race preserves proof boundaries: confirmed (62.3575ms)
✔ Stop prompt rejection race preserves proof boundaries: cancel-rejected (66.24175ms)
✔ Stop prompt rejection race preserves proof boundaries: cancel-pending (63.123792ms)
✔ Stop prompt rejection race preserves proof boundaries: cancel-timeout (66.123709ms)
✔ Stop prompt rejection race preserves proof boundaries: cleanup-unknown (56.627458ms)
✔ Stop prompt rejection race preserves proof boundaries: settlement-unknown (76.121667ms)
✔ Stop prompt rejection race preserves proof boundaries: unexpected (35.148375ms)
✔ Stop prompt rejection race preserves proof boundaries: late-stop (50.977459ms)
✔ Stop prompt rejection race preserves proof boundaries: post-prompt-failure (86.1195ms)
✔ late native cancel rejection cannot quarantine a workspace after verified process cleanup admits its successor (70.449083ms)
✔ ambiguous engine failure quarantines shared workspace, keeps partial history and sanitizes error (39.587333ms)
✔ public API rejects rebinding, cross-origin writes/SSE and gateway bearer administration (36.885708ms)
✔ multipart uploads sanitize names, reject images and cross-chat attachment references (25.299792ms)
✔ explicit reviewed vision availability enables image health and upload with safely sanitized Unicode names (18.335584ms)
✔ multipart oversize/multiple files fail without retained attachment metadata or partial files (57.160791ms)
✔ artifact transfer resolves registered ID only and keeps an immutable generated snapshot (22.117958ms)
✔ optional frontend serves ordinary assets but never symlink assets or private data trees (38.354666ms)
✔ real HTTP SSE heartbeat/replay/Last-Event-ID are monotonic; browser disconnect does not cancel (110.067667ms)
✔ whole-app freeze rejects new work, retains queued follow-up, and never exposes private routes on8080 (39.549542ms)
✔ only fixed passive GET paths consume the server-side inference credential; no work body or idle claim (39.306167ms)
✔ text readiness requires matching model and consistent strict ready/up/status/admitting contract (9.959625ms)
✔ healthy busy image remains ready; readiness never asserts that image worker is idle (7.072916ms)
✔ redirects never follow a target or transmit credentials to it (7.476416ms)
✔ malformed, oversized and upstream failure details remain unknown without leaking backend bytes (9.23275ms)
✔ transport errors and cancellation are bounded and use fixed errors (2018.650292ms)
✔ fixture overrides cannot route privileged probes to external hosts, userinfo, paths, or alternate protocols (0.328084ms)
✔ explicit credential loader reads only synthetic protected regular file and rejects unsafe identities (11.995625ms)
✔ a second app cannot reinterpret the live owner runs as a crash (78.21175ms)
✔ failed app initialization releases ownership for a corrected retry (15.775834ms)
✔ durable exact per-target hold and protected UDS acknowledgement preserve peer dispatch across reopen (88.052958ms)
✔ unreachable app is unknown; only confirmed whole app/node or no-inference scope can acknowledge (6.015917ms)
✔ request quarantine settlement requires exact completed canonical receipt; readiness alone cannot clear (9.968458ms)
✔ stale socket cleanup rejects live/foreign paths and removes only dead exact owned socket (60.555167ms)
✔ production private stop/start adapter clears actual gateway quarantine only with canonical outstanding stop (41.124417ms)
✔ frontier respects existing whole-node reboot holds without acquiring peer service or settlement authority (9.572083ms)
✔ official SDK subprocess initialize/new/prompt updates and private launcher environment (758.250583ms)
✔ trusted host HOME ignores ambient spoofing while reviewed launcher confines native HOME to profile (1165.920916ms)
✔ native resume restores without duplicating durable visible history (147.840417ms)
✔ native load restores without duplicating durable visible history (172.195125ms)
✔ restoration and required delegation capabilities fail closed (276.3035ms)
✔ workspace scoped permission requests allow native shell and deny unmanaged send/traversal/symlinks (127.571042ms)
✔ cancellation sends real SDK cancel and requires fresh native settlement (139.080208ms)
▶ immediate Stop before root admission accepts only fresh exhaustive cancellation and permits a later ordinary prompt
  ✔ promptReceipt unknown stays rejected with no admitted turn (119.62025ms)
  ✔ promptReceipt nonexhaustive stays rejected with no admitted turn (118.740084ms)
  ✔ promptReceipt null-run stays rejected with no admitted turn (116.220917ms)
  ✔ promptReceipt stale stays rejected with no admitted turn (116.607458ms)
  ✔ promptReceipt foreign stays rejected with no admitted turn (115.374041ms)
  ✔ promptReceipt wrong-first stays rejected with no admitted turn (118.294542ms)
  ✔ promptReceipt duplicate stays rejected with no admitted turn (119.069458ms)
  ✔ freshReceipt unknown stays rejected with no admitted turn (120.22025ms)
  ✔ freshReceipt nonexhaustive stays rejected with no admitted turn (117.507666ms)
  ✔ freshReceipt null-run stays rejected with no admitted turn (120.3995ms)
  ✔ freshReceipt stale stays rejected with no admitted turn (118.259708ms)
  ✔ freshReceipt foreign stays rejected with no admitted turn (123.843708ms)
  ✔ freshReceipt wrong-first stays rejected with no admitted turn (116.276208ms)
  ✔ freshReceipt duplicate stays rejected with no admitted turn (116.698792ms)
  ✔ fresh run mismatch and replay of an earlier cancelled run stay rejected (237.279667ms)
✔ immediate Stop before root admission accepts only fresh exhaustive cancellation and permits a later ordinary prompt (2028.992042ms)
✔ parent prompt completion retains workspace ownership until native children settle (496.000541ms)
✔ cancel after parent response stops still-running native children (157.284917ms)
✔ invalid occupied context remains unknown, malformed child settlement is a failure (227.077583ms)
✔ attachments use bounded registered workspace paths; outside and symlink paths fail (116.490167ms)
✔ saved bypass mode cannot override confirmed default permission mode (113.267375ms)
✔ transport loss revokes runner authorization and close refuses unconfirmed workspace settlement (128.532875ms)
✔ unknown native settlement preserves failure while verified launcher cleanup succeeds (497.999375ms)
✔ cancellation during initialization does not issue a prompt; later explicit turn remains usable (261.115083ms)
✔ concurrent prompts are rejected before initialization completes (177.167416ms)
✔ runner token split across assistant chunks cannot enter durable message projection (116.316875ms)
✔ native global rules seed exact fail-closed policy before the engine launch (108.865458ms)
✔ symlinked native policy fails before launch and cannot overwrite the target (1.740167ms)
✔ authoritative background completion projects only root continuations and then permits release (495.758417ms)
✔ native bash schema admits authorized arbitrary code operations, with workspace cwd fixed natively (2.99825ms)
✔ official SDK compaction notifications preserve fast ordered transitions, dedupe and reject malformed/foreign payloads (263.558125ms)
✔ native bash auto-promotion with exhaustive receipt completes normally (116.910917ms)
✔ reviewed container assets allow reads without host existence, never mutations or sibling escapes (1.663375ms)
✔ launcher receives TERM after ACP stage and gets cleanup grace before successful close (190.037459ms)
✔ nonzero launcher exit and forced kill cannot claim verified cleanup (257.323875ms)
✔ closing during asynchronous startup prevents any later launcher spawn (9.886625ms)
✔ original prompt receipt missing cannot establish success (112.883625ms)
✔ original prompt receipt unknown cannot establish success (115.273875ms)
✔ original prompt receipt running cannot establish success (114.195625ms)
✔ original prompt receipt stale cannot establish success (118.80775ms)
✔ original prompt receipt foreign cannot establish success (114.551875ms)
✔ original prompt receipt duplicate cannot establish success (115.348542ms)
✔ original prompt receipt empty-turns cannot establish success (113.4285ms)
✔ original prompt receipt wrong-first cannot establish success (113.439042ms)
✔ original prompt receipt null-run cannot establish success (111.535916ms)
✔ original prompt receipt nonexhaustive cannot establish success (114.343292ms)
✔ original prompt receipt reasons cannot establish success (115.6525ms)
✔ original prompt receipt malformed cannot establish success (115.168792ms)
✔ fresh settlement receipt missing cannot establish success (114.596459ms)
✔ fresh settlement receipt unknown cannot establish success (113.607167ms)
✔ fresh settlement receipt running cannot establish success (114.354333ms)
✔ fresh settlement receipt stale cannot establish success (114.943958ms)
✔ fresh settlement receipt foreign cannot establish success (112.342375ms)
✔ fresh settlement receipt run cannot establish success (114.422417ms)
✔ fresh settlement receipt duplicate cannot establish success (113.624917ms)
✔ fresh settlement receipt empty-turns cannot establish success (113.668375ms)
✔ fresh settlement receipt wrong-first cannot establish success (113.96ms)
✔ fresh settlement receipt null-run cannot establish success (115.301208ms)
✔ fresh settlement receipt nonexhaustive cannot establish success (116.03475ms)
✔ fresh settlement receipt reasons cannot establish success (113.771791ms)
✔ fresh settlement receipt malformed cannot establish success (115.15075ms)
✔ missing completion capability and unknown restore fail before native prompt (325.709458ms)
✔ native cancellation is returned distinctly without caller cancellation (114.008833ms)
✔ late root notifications and child text never append after completion (563.306ms)
✔ launcher exit 125 is not verified cleanup (147.941041ms)
✔ launcher exit 143 is not verified cleanup (111.276125ms)
✔ cancel notification acknowledgement cannot substitute for fresh cancellation receipt (121.762125ms)
✔ failed completion cannot be followed by native replay or another prompt (113.799167ms)
✔ official SDK shell permissions admit scripts, pipelines, substitutions and reviewed helper paths (119.769625ms)
✔ private state symlink fails before launcher spawn (1.395458ms)
✔ new native session cannot admit an identity-less running receipt (110.778917ms)
✔ H002 SDK metadata preserves channels, redacts interleaved tails, upserts actual tool input and gates final on last root (115.632667ms)
✔ H002 no final with emptyLast (119.2015ms)
✔ H002 no final with omitMetadata (115.428291ms)
✔ H002 no final with nativeCancelled (113.207291ms)
✔ H002 no final with freshReceipt (112.240416ms)
✔ H002 full child baseline counts new and changed unique members; old completed history excluded (115.383208ms)
✔ H002 missing or truncated native child capability keeps counts explicitly unknown (118.462292ms)
✔ whole-app gate rechecks before native spawn and prompt after asynchronous preparation (341.294583ms)
✔ H013 reviewed 1M production candidate retains exact capacities and output ceiling (1.276458ms)
✔ H013 1M exact-token accounting retains P-7/P-2, output65536 and mismatch refusal without network (18.122334ms)
✔ actual SQLite restart retains owner identity, cancels queued work, quarantines active and preserves settled results (5.416209ms)
✔ missing, malformed, unsupported or unqualified frontier config cannot activate; exact frozen config can (0.144541ms)
✔ retained frontier identities retain both visible rows without relabeling identities or altering Qwen/image (4.804041ms)
✔ MiMo readiness requires exact fresh canonical node observation; GLM ready cannot supply it (2.897042ms)
✔ custom configured labels and both frontier selections stay separate from observed identities and impact scope (1.435708ms)
✔ missing, stale, mismatched, unavailable and unselected evidence cannot certify configured model or GPU dependency (1.678708ms)
✔ Qwen instances keep distinct configured aliases, observed deployments and UUIDs; unsupported nodes remain visible (0.741458ms)
✔ exact rendered-token contract, fixed identity/high thinking, unchanged reserved output and protected key (106.890042ms)
✔ independent frontier queue never consumes parent Qwen lanes; per-HTTP release and queue cap eight (50.094ms)
✔ dispatched disconnect drains; ambiguous response quarantines and reconnect never replays (66.296292ms)
✔ tokenizer identity/count/endpoint errors fail isolated frontier with zero inference (23.562291ms)
✔ body cannot inject endpoint/model/template, errors reserve no inference; missing frontier is isolated (16.240583ms)
✔ unqualified tokenizer and unavailable protected key never start inference or affect Qwen (8.194417ms)
✔ production has no 16K cap; exact input plus complete output reservation at limit +/-1 (76.510292ms)
✔ bounded queue expiry and session-token revoke cancel queued ownership immediately (57.058959ms)
✔ count endpoint timeout, connection failure, malformed and oversized responses cannot start inference (40.387291ms)
✔ Flash rejects malformed or multimodal messages before count and inference without echoing input (20.320791ms)
✔ pure-text user and tool arrays remain identical for count and inference (9.055875ms)
✔ actual pinned offline tokenizer responses satisfy the frozen gateway contract (19.576625ms)
✔ frontier availability is independent of durable idle and wakes queued admission (20.599542ms)
✔ service disappearance while exact count is outstanding sends zero generation bytes (7.42575ms)
✔ only exact confirmed frontier-owner alias clears frontier quarantine; passive readiness never does (8.476584ms)
✔ unconfigured availability observer cannot dispatch Flash from an idle lane (23.491167ms)
✔ gateway authenticates inference-only routes, logical model and declared output limits (104.743ms)
✔ gateway translates only request alias/cap, preserves payload and real usage, has no 16K clamp (41.442875ms)
✔ two global request permits enforce endpoint cap and FIFO across runner tokens (58.601791ms)
✔ queued cancellation never contacts upstream and bounded queue rejects excess requests (20.550417ms)
✔ aggregate queued JSON byte budget rejects excess, releases on cancel, and preserves FIFO (43.344459ms)
✔ gateway shutdown releases every queued-byte reservation (16.890375ms)
✔ revoked queued token cannot dispatch, while its existing generations still settle normally (15.65025ms)
✔ token revoked during asynchronous credential lookup cannot dispatch upstream (8.230584ms)
✔ queue wait has its own timeout and never consumes active generation budget (629.649334ms)
✔ SSE tool arguments and usage are byte-preserved, disconnect drains until real settlement (91.603ms)
✔ normal SSE preserves exact response chunks and reports real usage without accumulation (8.738875ms)
✔ partial stream transport failure quarantines lane, never retries, and retains other lane (13.528292ms)
✔ SSE EOF without terminal marker and active timeout quarantine, no automatic reuse (75.395834ms)
✔ missing upstream credential never sends request or consumes permit (5.115083ms)
✔ durable admission records active before dispatch and recovers interrupted lanes quarantined (8.462084ms)
✔ failed durable admission write prevents upstream dispatch and fails closed (2.766959ms)
✔ complete proxy errors remain ambiguous; definite admission rejection releases its lane (15.057875ms)
✔ one healthy Qwen keeps the shared FIFO across main, child and compaction requests (33.89075ms)
✔ last available lane loss promptly rejects queued bytes while dispatched work is never replayed (38.097625ms)
✔ hardware availability remains independent of durable uncertain-request quarantine (8.364542ms)
✔ configured unknown and observer errors retain the bounded FIFO until readiness returns (16.916292ms)
✔ availability is rechecked after credential loading before the first upstream byte (7.632167ms)
✔ per-lane administrative hold serves new child/compaction work on healthy peer and retains FIFO bytes (27.357375ms)
✔ freeze during credential await holds owned reservation until release, before upstream bytes (117.38725ms)
✔ canonical target settlement reconciles only old owned lane and never replays uncertain request (15.780417ms)
✔ canonical old invocation proof safely settles late failure without aborting or replaying owned request (9.117208ms)
✔ H002 old database gets companion metadata only, immutable originals, proven historical file and activity association (20.614625ms)
✔ H002 multi-channel first delta creation is atomic; watermark reconnect has no duplicate text or phantom row (2.530458ms)
✔ H002 exact attachment names/downloads, safe image headers, run ZIP content/ownership/escape/bounds (164.334042ms)
✔ H002 final promotion waits for app settlement; Stop during artifact discovery keeps every message nonfinal (45.538667ms)
✔ H002 successful run publishes atomic final/message/file/run snapshots and complete queued cancellation updates (45.348625ms)
✔ H002 empty zero is restricted to untouched sessions; clock uses Ljubljana DST and fresh instants (41.916375ms)
✔ H002 Unicode names have safe old-release headers and exact companion display names (48.106ms)
✔ H004 reply ZIPs select persisted inputs and outputs, message ZIPs select only their uploads (191.148125ms)
✔ H004 ZIPs reject cross-chat, invalid memberships, caller selection, unsafe paths and symlinks (93.627375ms)
✔ H004 historical aliases require an owned exact workspace link and unique direct-child catalog name (66.193084ms)
✔ H004 new exact nested/renamed source aliases are atomic and managed aliases precede workspace-copy SSE (27.7915ms)
✔ one active/eight queued, durable admission, stable concurrent dedup and queue deadlines (108.542834ms)
✔ unknown completion is never replayed; readiness alone cannot clear durable ownership (96.128291ms)
✔ known429 observes Retry-After and original queue deadline, reuses seed (65.5685ms)
✔ immutable snapshots, detached browser approval, idempotent decision, original bytes and run provenance (114.219125ms)
✔ approval rejects tampered snapshot; rejection and explicit Stop while text idle never dispatch (90.06125ms)
✔ Stop and soft Delete retain active ownership and late artifact without reviving assistant text (61.716917ms)
✔ owned references reject cross-session files, traversal, absolute paths, URLs, symlinks and hardlinks (30.155459ms)
✔ real codec decodes actual JPEG orientation/colour; never rewrites source or stretches odd aspect ratios (20.764458ms)
✔ unqualified edit profiles never fall back; explicit unsupported geometry returns supported list (42.886375ms)
✔ restart retains queued jobs and approvals, while running work needs canonical settlement without replay (171.067875ms)
✔ graceful frozen restart preserves queued and approval identities without readiness-only recovery (75.409791ms)
✔ owner settlement during frozen preparation resumes its reservation without applying old proof to new dispatch (48.538542ms)
✔ canonical owner settlement of an active request preserves late failure and never replays it (38.498375ms)
✔ browser capability is job-bound, expires, hides token and allows only identical consumed decision (64.486875ms)
✔ known source and ancestor seeds are rejected before dispatch, fresh defaults persist across workspace copies (176.636708ms)
✔ workspace save failure retains authoritative output artifact and provenance (49.672292ms)
✔ known429 with eight waiters fails truthfully without ninth admission or automatic resubmission (38.5975ms)
✔ bad output metadata or transparent output never completes as a valid owned PNG (51.119875ms)
✔ failed durable lane admission rolls back and recovers after readiness without restart (114.127333ms)
✔ queue start, cancel and busy429 reorder every affected waiter with durable newer revisions (93.775833ms)
✔ token issuance waits behind delayed approval and cannot rotate the consumed token (94.790292ms)
✔ known image unavailability rejects queued and approval jobs promptly while active artifacts survive (115.322167ms)
✔ hardware unavailability blocks ready-idle reconciliation without replacing request quarantine (44.206083ms)
✔ configured observer failure gates new images without interrupting current artifacts or latching hardware (125.692584ms)
✔ image availability is rechecked after asynchronous reference preparation before dispatch (36.42925ms)
✔ production availability adapter preserves busy image FIFO and approvals on timeout; permanent latch rejects only undispatched work (138.447125ms)
✔ readiness hold during preparation retains its reservation and eight waiters; explicit cancel releases without dispatch (106.208333ms)
✔ production adapter resumes retained image work after soft-unavailable expires and independent readiness is fresh (93.210291ms)
✔ production private stop/start adapter clears actual image quarantine only with canonical outstanding stop (194.225625ms)
✔ gateway token/session binding, browser origin enforcement, exact capability pass-through and no MCP approval (187.692417ms)
✔ normal text turn end preserves image job; late artifact belongs to original final reply and next edit receives owned copy (117.690792ms)
✔ approval after text completion binds original run; Stop while idle removes approval and Delete drains active output (154.706125ms)
✔ approval token route refuses direct requests/forged forwarding/bearer and accepts only protected proxy capability (76.452917ms)
✔ fixed private origin; authenticated unchanged capabilities and strict readiness+idle (18.134917ms)
✔ generation sends n1 opaque persisted seed; only b64 data is consumed host-side, FHD remains public1080 (11.172584ms)
✔ edit uses ordered PNG multipart and exact scalar allowlist, no backend transport crop/pad at host (4.400583ms)
✔ only reviewed busy429 retries; unknown errors, malformed output, redirects and transport loss never do (5.183375ms)
✔ native/header and response-body budgets are bounded, credential errors sanitized (203.7905ms)
✔ optional upstream effective seed is retained for broker cross-check and never silently overwritten (3.422917ms)
✔ real app + official SDK subprocess + gateway fixtures preserve history across restart and revoke exit credentials (566.224042ms)
✔ one shared owner survives GLM/MiMo alias switch and restart; no unrelated clear (84.633625ms)
✔ canonical count bytes equal dispatch, actual selected service, validated serial completion releases existing lane (23.888417ms)
✔ full tool stream is retained until HTTP drain; incomplete EOF quarantines without tool execution/replay (10.813125ms)
✔ consumer disconnect keeps native drain owner; valid completion allows next serial request (35.053041ms)
✔ identity change after drain quarantines, never releases based on HTTP alone (8.553166ms)
✔ native observations separate static provenance from props/slots and reject capacity/template drift (0.650042ms)
✔ strict nested schemas preserved; false storage discarded before canonical count, unsupported options rejected (0.360875ms)
✖ selected registry reports both canonical inventory identities on the shared frontier (9.250583ms)
✔ granular qualification cannot mistake arithmetic or requested ceiling for native occupied/output proof (0.160416ms)
✔ durable unresolved request blocks a switch even if lane row was missing (2.428667ms)
✔ MiMo elapsed budget is eight hours; Qwen and GLM retain two, fixture timeouts do not replay (1008.371084ms)
✔ dedicated public-readable receipt retains protected ancestry, nofollow and reviewed hash (2.771834ms)
✔ disabled candidate pins all artifacts but advertises no live capacity or readiness (1.743959ms)
✔ full history and pure text arrays survive without mutation or false equivalence (0.581708ms)
✔ closed grammar rejects media, role/control injection, malformed history and unsafe limits (9.846166ms)
✔ required actual qualified identity, exact P+O=S-1 boundary and no output shrinking (3.769458ms)
✔ native count POST uses byte-identical full canonical generation body and strict integer response (3.860333ms)
✔ complete stream handles arbitrary byte splits, empty fragments, usage-only frame and HTTP drain (2.009291ms)
✔ mixed reasoning/content/tool deltas assemble native IDs/names/arguments only after complete drain (0.276792ms)
✔ protocol failures never produce completed tools or silently accept truncated/mismatched output (1.350667ms)
✔ ambiguity holds existing owner without replay/switch; transport completion does not prove settlement (0.106958ms)
✔ count aborts bounded observation, post and stalled body without retry; bad SSE envelopes fail closed (17.152833ms)
✔ root regression: role and finish reason require strings without coercion (0.581334ms)
✔ direct passive backend independently exposes healthy lane aliases and no status daemon dependency (2.06975ms)
✔ positive hardware latch survives late same-boot readiness and a restarted observer (0.753708ms)
✔ new boot requires fresh authoritative target validation with unchanged exact UUIDs (1.532875ms)
✔ authoritative positive target recovery clears a prior-boot latch despite unrelated global inventory failure (0.338542ms)
✔ target validation cannot clear a retained latch without an originating or observed boot (0.316708ms)
✔ readiness unknown or stale gates only new admission and never writes a hardware latch (0.374708ms)
✔ backend transport error reports unknown while retaining a persisted hardware latch (0.199917ms)
✔ durable clear failure keeps the previous latch and permits recovery only after a committed validation (0.266375ms)
✔ poll ticks publish expiry while a deadline-exceeding observer keeps one capped hung slot (68.169917ms)
✔ targeted new-boot recovery and passive fallback never settle an ambiguous gateway request or replay it (63.92825ms)
✔ passive backend fallback permits telemetry-only outage while preserving unknown public state and hardware latch (0.611875ms)
✔ independent hung backend readiness probes remain capped and cannot invent admission or hardware absence (5.676667ms)
✔ inherited latch keeps authoritative origin across reboot and clears only after validation of the new boot (0.721625ms)
✔ unknown latch origin is not relabeled current boot and cannot clear on same-boot late success (0.395208ms)
✔ canonical Flash node-status observation/latch is passive and isolated from Qwen (0.414375ms)
✔ passive canonical Flash recognition grants no service lifecycle action (0.258041ms)
✔ allowlisted producer diagnostics preserve existing public error mappings (1.02375ms)
✔ constructor itself rejects arbitrary diagnostic values (0.160167ms)
✔ bounded parser retains no arbitrary upstream body or message (2.376542ms)
✔ hung observer is capped, deadline does not block healthy peer, late success discarded (17.911417ms)
✔ fresh success ages independently, transport errors never invent absence (0.887208ms)
✔ official SDK permission transport admits reviewed skills/direct search and denies all wrappers (24.183333ms)
✔ official SDK compact browser admits reviewed public research actions and actual query kinds (10.893333ms)
✔ official SDK detailed browser aliases use native fields and reject mutation aliases (4.003667ms)
✔ browser malformed actions, private navigation and unsupported screenshot paths fail closed (7.574666ms)
✔ policy exports ask gates without blanket browser denial and delegates only fs/bash (0.31775ms)
✔ only exact reviewed image MCP tools and image skill supplement native role ceilings (6.167416ms)
✔ saveFile rolls back new rows on h002_file_names failure (nested=false) (31.695041ms)
✔ saveFile rolls back new rows on h002_file_refs failure (nested=false) (18.60325ms)
✔ saveFile preserves existing file and all metadata on update failure (nested=false) (9.852375ms)
✔ saveFile rolls back new rows on h002_file_names failure (nested=true) (12.570125ms)
✔ saveFile rolls back new rows on h002_file_refs failure (nested=true) (11.378708ms)
✔ saveFile preserves existing file and all metadata on update failure (nested=true) (9.259958ms)
✔ successful saveFile does not commit an enclosing caller transaction (9.914666ms)
✔ API rejects pinned slash commands without mutations; ordinary tasks and native compression still work (321.52775ms)
✔ registered immutable tmpfs with rw superblock and ACL mask modes (2.107708ms)
✔ reject missing environment (0.433334ms)
✔ reject lookalike environment (0.231333ms)
✔ reject trailing slash environment (0.705125ms)
✔ reject symlink leaf (0.335ms)
✔ reject noncanonical leaf (0.240417ms)
✔ reject nonregular file (0.207708ms)
✔ reject file uid (0.204459ms)
✔ reject file gid including status group (0.187208ms)
✔ reject writable file (0.233292ms)
✔ reject other readable file (0.214541ms)
✔ reject special file mode (0.176958ms)
✔ reject hardlink (0.135958ms)
✔ reject empty file (0.139709ms)
✔ reject oversize file (0.149042ms)
✔ reject file mount device mismatch (0.12525ms)
✔ reject directory uid (0.098125ms)
✔ reject directory gid (0.102291ms)
✔ reject writable directory (0.112208ms)
✔ reject other traversal directory (0.132208ms)
✔ reject symlink directory (0.092375ms)
✔ reject non-directory parent (0.918ms)
✔ reject missing mount (0.239209ms)
✔ reject lookalike mount (0.150708ms)
✔ reject duplicate mount (0.134125ms)
✔ reject nested file mount (0.210625ms)
✔ reject non-root mount tree (0.153583ms)
✔ reject wrong mount type (0.131875ms)
✔ reject wrong mount source (0.145042ms)
✔ reject mount device mismatch (0.130417ms)
✔ reject malformed mount device (0.12225ms)
✔ reject rw mount with ro superblock (0.126416ms)
✔ reject contradictory mount options (0.245209ms)
✔ reject only superblock protected (0.197458ms)
✔ reject invalid value (0.344ms)
✔ reject blank value (0.244333ms)
✔ reject missing mount ro (0.243208ms)
✔ reject missing mount nosuid (0.13725ms)
✔ reject missing mount nodev (0.168042ms)
✔ reject missing mount noexec (0.115291ms)
✔ reject missing mount nosymfollow (0.112291ms)
✔ reject symlink ancestor / (0.126333ms)
✔ reject writable ancestor / (0.110042ms)
✔ reject symlink ancestor /run (0.1025ms)
✔ reject writable ancestor /run (0.105834ms)
✔ reject symlink ancestor /run/credentials (0.103833ms)
✔ reject writable ancestor /run/credentials (0.103083ms)
✔ reject symlink ancestor /run/credentials/ai-harness-status.service (0.1095ms)
✔ reject writable ancestor /run/credentials/ai-harness-status.service (0.111042ms)
✔ reject opened FD dev substitution (0.171584ms)
✔ reject post-read FD dev substitution (0.200375ms)
✔ reject opened FD ino substitution (0.135167ms)
✔ reject post-read FD ino substitution (0.171166ms)
✔ reject opened FD uid substitution (0.128542ms)
✔ reject post-read FD uid substitution (0.238959ms)
✔ reject opened FD gid substitution (0.140875ms)
✔ reject post-read FD gid substitution (0.20625ms)
✔ reject opened FD mode substitution (0.147959ms)
✔ reject post-read FD mode substitution (0.199375ms)
✔ reject opened FD nlink substitution (0.151834ms)
✔ reject post-read FD nlink substitution (0.169708ms)
✔ reject opened FD size substitution (0.128875ms)
✔ reject post-read FD size substitution (0.171ms)
✔ reject opened FD type substitution (0.157916ms)
✔ reject post-read path substitution (1.24175ms)
✔ reject parent identity substitution (0.248459ms)
✔ reject mount identity substitution (0.20875ms)
✔ status rejects unregistered paths while generic owner-only semantics stay unchanged (31.296917ms)
✔ only status entry point registers this exception (8.463125ms)
✔ legitimate sibling creation changing directory size/link count is accepted (0.359041ms)
✔ unregistered selector /run/credentials/ai-harness-status.service/other-key (0.119ms)
✔ unregistered selector /run/credentials/ai-harness-status.service.other/control-api-key (0.081208ms)
✔ unregistered selector /run/credentials/ai-harness-status.service/../ai-harness-status.service/control-api-key (0.072292ms)
✔ unregistered selector /run/credentials/ai-harness-status.service/control-api-key/ (0.069ms)
✔ unregistered selector run/credentials/ai-harness-status.service/control-api-key (0.069291ms)
✔ additional node reference uses identical protected mount/FD checks with no arbitrary path or control fallback (0.383417ms)
✔ additional node credential names cannot select control key, arbitrary paths or environment directories (0.154208ms)
✔ startup credential map isolates node values and fails closed on missing or reused secrets (0.560625ms)
✔ exact shared v1 fixture preserves nullable identities, independent metrics and no invented capability (1.921541ms)
✔ status works without chat/storage and one hung node cannot hold peer; sanitizes payloads (76.595417ms)
✔ cached successful HTTP cannot refresh aged underlying service; unknown boot disables targets (4.563292ms)
✔ typed async admin relay keeps key/boot/generation, namespaces receipts and does not replay (16.749458ms)
✔ exact additive disk roles retain separate capacities/freshness and unavailable mount never borrows root (3.584375ms)
✔ registry retains third/unreachable node and missing service rows; support and new services gain no controls (6.077667ms)
✔ malformed/missing fields stay unknown; explicit model.control and node_manager facts remain informational and age independently (2.840333ms)
✔ mismatched or duplicate native evidence leaves configured rows visible and unknown (2.720916ms)
✔ restart marks queued/running/cancelling work interrupted and quarantined without replay (39.537459ms)
✔ events have independent monotonic per-session ids and durable pagination (257.845417ms)
✔ assistant delta commits text and event together and notifies snapshot observers only after commit (10.860542ms)
✔ safe identifiers and filenames never carry traversal or executable header characters (0.373791ms)
✔ upload is streamed/bounded, removes partial file and metadata on size failure (27.955708ms)
✔ registered artifacts are snapshots; traversal, symlinks, hidden paths and hardlinks fail closed (34.215584ms)
✔ space and Unicode filenames remain safe through attachment projection and artifact snapshots (27.619208ms)
✔ attachment projection rejects cross-chat IDs and workspace upload directory symlinks (41.376625ms)
✔ default registry retains seven action identities and adds passive frontier inventory (3.410542ms)
✔ malformed, duplicate, unbounded and dangling registry input fails closed (16.60775ms)
✔ unknown node cannot fall through to local helper; unsupported adapter is passive unknown (1.985167ms)
✔ generic third-node passive transport reaches only bounded fixed GET; failed peers and absent services remain visible without targets (148.894959ms)
ℹ tests 424
ℹ suites 0
ℹ pass 422
ℹ fail 2
ℹ cancelled 0
ℹ skipped 0
ℹ todo 0
ℹ duration_ms 14793.768209

✖ failing tests:

test at test/app.test.ts:7:37
✖ JSON contract, durable messages/native identity/events and unknown context survive reopening (86.481458ms)
  AssertionError [ERR_ASSERTION]: Expected values to be strictly deep-equal:
  + actual - expected
  
    {
  +   engines: {
  +     codex: {
  +       available: false,
  +       preview: true
  +     },
  +     default: 'minimax'
  +   },
      environment: {
        location: {
          city: 'Ljubljana',
          country: 'Slovenia'
        },
  
      at TestContext.<anonymous> (/Users/agent/CodexProjects/llm-orchestration/tasks/H021-ADAPTER01-20260928/repo/ai-harness/server/test/app.test.ts:175:10)
      at process.processTicksAndRejections (node:internal/process/task_queues:104:5)
      at async Test.run (node:internal/test_runner/test:1409:7)
      at async startSubtestAfterBootstrap (node:internal/test_runner/harness:387:3) {
    generatedMessage: true,
    code: 'ERR_ASSERTION',
    actual: { version: '0.0.3', environment: { timeZone: 'Europe/Ljubljana', location: [Object], now: '2026-09-28T05:16:54.259Z' }, status: 'ok', visionAvailable: false, engines: { default: 'minimax', codex: [Object] } },
    expected: { version: '0.0.3', environment: { timeZone: 'Europe/Ljubljana', location: [Object], now: '2026-09-28T05:16:54.259Z' }, status: 'ok', visionAvailable: false },
    operator: 'deepStrictEqual',
    diff: 'simple'
  }

test at test/mimo-integration.test.ts:3:8687
✖ selected registry reports both canonical inventory identities on the shared frontier (9.250583ms)
  AssertionError [ERR_ASSERTION]: The expression evaluated to a falsy value:
  
    assert.ok(selected.services.some(s=>s.id===FRONTIER_MODEL&&s.observation_key===FRONTIER_MODEL&&s.display_name.includes('dormant')))
  
      at TestContext.<anonymous> (/Users/agent/CodexProjects/llm-orchestration/tasks/H021-ADAPTER01-20260928/repo/ai-harness/server/test/mimo-integration.test.ts:110:97)
      at process.processTicksAndRejections (node:internal/process/task_queues:104:5)
      at async Test.run (node:internal/test_runner/test:1409:7)
      at async Test.processPendingSubtests (node:internal/test_runner/test:974:7) {
    generatedMessage: true,
    code: 'ERR_ASSERTION',
    actual: false,
    expected: true,
    operator: '==',
    diff: 'simple'
  }
