
> @ai-harness/server@0.0.3 test
> tsx --test --test-timeout=15000 test/*.test.ts

✔ protected owner rejection diagnostic survives restart without changing public receipt or replaying (15.44075ms)
✔ diagnostic absence and storage failure never backfill history or prevent rejection settlement (18.086958ms)
✔ protected diagnostics distinguish status retrieval from CAS and discard unregistered error data (10.361333ms)
✔ destructive relay freezes before owner dispatch and exact repeats precede stale CAS (13.128625ms)
✔ missing interruption confirmation, failed freeze and post-freeze CAS never dispatch (16.602291ms)
✔ lost owner response survives daemon restart, preserves hold and never replays; guarded recovery settles it (14.674833ms)
✔ uncertain target does not prevent a disjoint healthy peer action (2.904625ms)
✔ successful stop stays held until validated start, preserving peer scope (6.47675ms)
✔ accepted owner receipt polls without repost and readiness cannot become idle proof (15.107709ms)
✔ GPU reset scope uses exact current affected services including unassigned empty scope (5.004375ms)
✔ reboot readiness release requires changed boot plus canonical settlement (8.23625ms)
✔ mismatched owner target or confirmation cannot become settlement proof (8.996042ms)
✔ failed readiness reconciliation never erases canonical succeeded receipt or releases hold (8.189458ms)
✔ changed-boot reboot releases prior stopped lane while unrelated peers are latched or unknown (396.829209ms)
✔ validated start settles only its exact retained canonical stop, never ordinary readiness alone (4.797542ms)
✔ anonymous LAN admin needs exact Host/Origin and signed same-origin CSRF; status alias cannot mutate (200.629584ms)
✔ JSON contract, durable messages/native identity/events and unknown context survive reopening (553.948375ms)
✔ real measurements replace unknown occupancy; compaction preserves complete visible history (142.582792ms)
✔ failed compaction preserves original history and defers final status to successful prompt outcome (92.149667ms)
✔ failed compaction preserves original history and defers final status to failed prompt outcome (82.736875ms)
✔ session snapshot message content and event watermark support replay without lost or duplicated deltas (46.3605ms)
✔ workspace queue serializes shared chats while unrelated workspaces run concurrently (168.201916ms)
✔ handoff asks engine for summary, retains old chat, shares workspace and seeds only first new prompt (90.625833ms)
✔ a fresh handoff chat can hand off again without losing its inherited engine summary (102.651834ms)
✔ cancellation during artifact discovery retains workspace ownership until confirmation (123.743333ms)
✔ cancel settles active work; delete remains visible until settled and preserves workspace (105.195042ms)
✔ bounded workspace queue and explicit cancellation never execute cancelled queued prompts (79.019ms)
✔ cancel acknowledges immediately while prompt and cancel settlement retain the workspace (60.24525ms)
✔ shutdown closes all active runners in parallel before waiting for unresponsive prompts (187.14225ms)
✔ shutdown during workspace preparation cannot create a late native runner or inference token (117.089542ms)
✔ app restart never launches interrupted work or replays effects, and blocks unsafe workspace reuse (59.904625ms)
✔ unknown native background settlement preserves history and blocks queued workspace siblings (82.0125ms)
✔ verified process cleanup releases the workspace without promoting unknown prompt to success (160.50025ms)
✔ verified process cleanup releases the workspace without promoting failed prompt to success (157.971709ms)
✔ verified process cleanup releases the workspace without promoting cancelled prompt to success (95.15425ms)
✔ verified process cleanup releases the workspace without promoting deleted prompt to success (106.601459ms)
✔ Stop settlement checkpoint: after-prompt, cancel rejected, cleanup verified (169.768584ms)
✔ Stop settlement checkpoint: after-prompt, cancel rejected, cleanup unknown (238.134333ms)
✔ Stop settlement checkpoint: after-prompt, cancel timeout, cleanup verified (274.879125ms)
✔ Stop settlement checkpoint: after-prompt, cancel timeout, cleanup unknown (103.074708ms)
✔ Stop settlement checkpoint: after-artifacts, cancel rejected, cleanup verified (78.269584ms)
✔ Stop settlement checkpoint: after-artifacts, cancel rejected, cleanup unknown (59.57275ms)
✔ Stop settlement checkpoint: after-artifacts, cancel timeout, cleanup verified (90.635416ms)
✔ Stop settlement checkpoint: after-artifacts, cancel timeout, cleanup unknown (96.044375ms)
✔ Stop settlement checkpoint: before-prompt, cancel rejected, cleanup verified (49.753834ms)
✔ Stop prompt rejection race preserves proof boundaries: confirmed (80.315834ms)
✔ Stop prompt rejection race preserves proof boundaries: cancel-rejected (92.611167ms)
✔ Stop prompt rejection race preserves proof boundaries: cancel-pending (99.114916ms)
✔ Stop prompt rejection race preserves proof boundaries: cancel-timeout (99.301167ms)
✔ Stop prompt rejection race preserves proof boundaries: cleanup-unknown (93.603291ms)
✔ Stop prompt rejection race preserves proof boundaries: settlement-unknown (48.493ms)
✔ Stop prompt rejection race preserves proof boundaries: unexpected (72.925625ms)
✔ Stop prompt rejection race preserves proof boundaries: late-stop (43.603458ms)
✔ Stop prompt rejection race preserves proof boundaries: post-prompt-failure (38.398375ms)
✔ late native cancel rejection cannot quarantine a workspace after verified process cleanup admits its successor (65.239417ms)
✔ ambiguous engine failure quarantines shared workspace, keeps partial history and sanitizes error (26.78675ms)
✔ public API rejects rebinding, cross-origin writes/SSE and gateway bearer administration (13.131833ms)
✔ multipart uploads sanitize names, reject images and cross-chat attachment references (44.097416ms)
✔ explicit reviewed vision availability enables image health and upload with safely sanitized Unicode names (12.699375ms)
✔ multipart oversize/multiple files fail without retained attachment metadata or partial files (41.156375ms)
✔ artifact transfer resolves registered ID only and keeps an immutable generated snapshot (32.771792ms)
✔ optional frontend serves ordinary assets but never symlink assets or private data trees (25.667209ms)
✔ real HTTP SSE heartbeat/replay/Last-Event-ID are monotonic; browser disconnect does not cancel (113.44525ms)
✔ whole-app freeze rejects new work, retains queued follow-up, and never exposes private routes on8080 (45.656625ms)
✔ only fixed passive GET paths consume the server-side inference credential; no work body or idle claim (57.641875ms)
✔ text readiness requires matching model and consistent strict ready/up/status/admitting contract (19.603875ms)
✔ healthy busy image remains ready; readiness never asserts that image worker is idle (12.38875ms)
✔ redirects never follow a target or transmit credentials to it (2.17925ms)
✔ malformed, oversized and upstream failure details remain unknown without leaking backend bytes (59.174416ms)
✔ transport errors and cancellation are bounded and use fixed errors (2046.500292ms)
✔ fixture overrides cannot route privileged probes to external hosts, userinfo, paths, or alternate protocols (0.307333ms)
✔ JSONL framing accepts split records; exact duplicate responses are harmless (1.849667ms)
✔ invalid/truncated/process-death and conflicting responses reject without retries (1.994541ms)
✔ unsupported server requests get an explicit denial and no browser/host execution (0.210542ms)
✔ timeout and late response never dispatch a second prompt (10.405375ms)
✔ pinned initialize/start/input schema; commentary/final/absent phase with ordered streaming and authoritative completion (15.595917ms)
✔ resume uses only original native thread ID and never imports returned history (0.859291ms)
✔ latest request estimates retained context and compaction invalidate context without cumulative billing or invented reasoning (13.921208ms)
✔ cancel ACK cannot release ownership before native terminal, exact process cleanup and owned gateway proof (1.804833ms)
✔ unsettled gateway or missing exact-container proof preserves uncertainty after native success (1.55675ms)
✔ process death, truncated stream, wrong thread and out-of-order item fail once without prompt replay (1.689583ms)
✔ policy rejects unqualified runtime, foreign provider, model, engine and media (0.276834ms)
✔ pending/completed/unknown native child work is explicitly unsupported, never silently killed as success (0.976208ms)
✔ parent completed with an unfinished native tool is interrupted rather than accepted as success (0.397458ms)
✔ canonical correction emits explicit snapshot and tool Activity uses actual command/url/result fields (1.466209ms)
✔ launch rejection after possible spawn retains uncertain ownership even when gateway is idle (0.533958ms)
✔ declined native command remains cancelled in Activity (0.979084ms)
✔ two loopback HTTP fixture requests use fresh live tokens, resume native history and replay browser events without inference (467.726916ms)
✔ legacy migration preserves IDs, original messages, events and file bytes; missing metadata later fails closed (74.20525ms)
✔ restart retains native thread/turn and cursor, quarantines uncertain work without replay (11.757875ms)
✔ router rejects cross-engine policy/uncertain resume and does not silently choose MiniMax (0.894791ms)
✔ HTTP policy gate defaults to MiniMax; preview choice is new-chat-only; RPC/config/media rejected (199.575916ms)
✔ explicit credential loader reads only synthetic protected regular file and rejects unsafe identities (138.315292ms)
✔ a second app cannot reinterpret the live owner runs as a crash (124.388042ms)
✔ failed app initialization releases ownership for a corrected retry (79.907209ms)
✔ durable exact per-target hold and protected UDS acknowledgement preserve peer dispatch across reopen (151.723459ms)
✔ unreachable app is unknown; only confirmed whole app/node or no-inference scope can acknowledge (73.562167ms)
✔ request quarantine settlement requires exact completed canonical receipt; readiness alone cannot clear (13.792542ms)
✔ stale socket cleanup rejects live/foreign paths and removes only dead exact owned socket (81.756125ms)
✔ production private stop/start adapter clears actual gateway quarantine only with canonical outstanding stop (31.486333ms)
✔ frontier respects existing whole-node reboot holds without acquiring peer service or settlement authority (7.169292ms)
✔ official SDK subprocess initialize/new/prompt updates and private launcher environment (531.494166ms)
✔ trusted host HOME ignores ambient spoofing while reviewed launcher confines native HOME to profile (1795.922708ms)
✔ native resume restores without duplicating durable visible history (532.461417ms)
✔ native load restores without duplicating durable visible history (336.440375ms)
✔ restoration and required delegation capabilities fail closed (340.265084ms)
✔ workspace scoped permission requests allow native shell and deny unmanaged send/traversal/symlinks (169.777333ms)
✔ cancellation sends real SDK cancel and requires fresh native settlement (165.146792ms)
▶ immediate Stop before root admission accepts only fresh exhaustive cancellation and permits a later ordinary prompt
  ✔ promptReceipt unknown stays rejected with no admitted turn (137.475125ms)
  ✔ promptReceipt nonexhaustive stays rejected with no admitted turn (128.644125ms)
  ✔ promptReceipt null-run stays rejected with no admitted turn (123.666041ms)
  ✔ promptReceipt stale stays rejected with no admitted turn (121.408542ms)
  ✔ promptReceipt foreign stays rejected with no admitted turn (121.433041ms)
  ✔ promptReceipt wrong-first stays rejected with no admitted turn (116.632584ms)
  ✔ promptReceipt duplicate stays rejected with no admitted turn (118.340375ms)
  ✔ freshReceipt unknown stays rejected with no admitted turn (116.66275ms)
  ✔ freshReceipt nonexhaustive stays rejected with no admitted turn (115.524958ms)
  ✔ freshReceipt null-run stays rejected with no admitted turn (118.60975ms)
  ✔ freshReceipt stale stays rejected with no admitted turn (117.408417ms)
  ✔ freshReceipt foreign stays rejected with no admitted turn (120.279958ms)
  ✔ freshReceipt wrong-first stays rejected with no admitted turn (118.147459ms)
  ✔ freshReceipt duplicate stays rejected with no admitted turn (118.37975ms)
  ✔ fresh run mismatch and replay of an earlier cancelled run stay rejected (240.302458ms)
✔ immediate Stop before root admission accepts only fresh exhaustive cancellation and permits a later ordinary prompt (2074.271459ms)
✔ parent prompt completion retains workspace ownership until native children settle (491.672084ms)
✔ cancel after parent response stops still-running native children (160.016ms)
✔ invalid occupied context remains unknown, malformed child settlement is a failure (227.119792ms)
✔ attachments use bounded registered workspace paths; outside and symlink paths fail (115.496458ms)
✔ saved bypass mode cannot override confirmed default permission mode (108.572417ms)
✔ transport loss revokes runner authorization and close refuses unconfirmed workspace settlement (126.759917ms)
✔ unknown native settlement preserves failure while verified launcher cleanup succeeds (494.851833ms)
✔ cancellation during initialization does not issue a prompt; later explicit turn remains usable (258.232167ms)
✔ concurrent prompts are rejected before initialization completes (177.402708ms)
✔ runner token split across assistant chunks cannot enter durable message projection (119.858334ms)
✔ native global rules seed exact fail-closed policy before the engine launch (109.407875ms)
✔ symlinked native policy fails before launch and cannot overwrite the target (1.68375ms)
✔ authoritative background completion projects only root continuations and then permits release (505.940667ms)
✔ native bash schema admits authorized arbitrary code operations, with workspace cwd fixed natively (2.909709ms)
✔ official SDK compaction notifications preserve fast ordered transitions, dedupe and reject malformed/foreign payloads (255.838125ms)
✔ native bash auto-promotion with exhaustive receipt completes normally (113.858583ms)
✔ reviewed container assets allow reads without host existence, never mutations or sibling escapes (1.75275ms)
✔ launcher receives TERM after ACP stage and gets cleanup grace before successful close (186.974833ms)
✔ nonzero launcher exit and forced kill cannot claim verified cleanup (262.110792ms)
✔ closing during asynchronous startup prevents any later launcher spawn (10.695375ms)
✔ original prompt receipt missing cannot establish success (116.355333ms)
✔ original prompt receipt unknown cannot establish success (113.460417ms)
✔ original prompt receipt running cannot establish success (113.312042ms)
✔ original prompt receipt stale cannot establish success (113.622375ms)
✔ original prompt receipt foreign cannot establish success (112.202875ms)
✔ original prompt receipt duplicate cannot establish success (118.531792ms)
✔ original prompt receipt empty-turns cannot establish success (113.879834ms)
✔ original prompt receipt wrong-first cannot establish success (115.598625ms)
✔ original prompt receipt null-run cannot establish success (113.0305ms)
✔ original prompt receipt nonexhaustive cannot establish success (112.648875ms)
✔ original prompt receipt reasons cannot establish success (113.56025ms)
✔ original prompt receipt malformed cannot establish success (114.644083ms)
✔ fresh settlement receipt missing cannot establish success (111.861042ms)
✔ fresh settlement receipt unknown cannot establish success (113.21375ms)
✔ fresh settlement receipt running cannot establish success (113.201958ms)
✔ fresh settlement receipt stale cannot establish success (113.770167ms)
✔ fresh settlement receipt foreign cannot establish success (113.4855ms)
✔ fresh settlement receipt run cannot establish success (118.254458ms)
✔ fresh settlement receipt duplicate cannot establish success (113.167417ms)
✔ fresh settlement receipt empty-turns cannot establish success (113.748959ms)
✔ fresh settlement receipt wrong-first cannot establish success (111.382625ms)
✔ fresh settlement receipt null-run cannot establish success (114.165125ms)
✔ fresh settlement receipt nonexhaustive cannot establish success (115.521166ms)
✔ fresh settlement receipt reasons cannot establish success (114.566334ms)
✔ fresh settlement receipt malformed cannot establish success (117.362041ms)
✔ missing completion capability and unknown restore fail before native prompt (321.097209ms)
✔ native cancellation is returned distinctly without caller cancellation (112.56025ms)
✔ late root notifications and child text never append after completion (561.532333ms)
✔ launcher exit 125 is not verified cleanup (147.517291ms)
✔ launcher exit 143 is not verified cleanup (109.228125ms)
✔ cancel notification acknowledgement cannot substitute for fresh cancellation receipt (126.997584ms)
✔ failed completion cannot be followed by native replay or another prompt (118.980917ms)
✔ official SDK shell permissions admit scripts, pipelines, substitutions and reviewed helper paths (116.182792ms)
✔ private state symlink fails before launcher spawn (1.353125ms)
✔ new native session cannot admit an identity-less running receipt (112.070542ms)
✔ H002 SDK metadata preserves channels, redacts interleaved tails, upserts actual tool input and gates final on last root (113.521625ms)
✔ H002 no final with emptyLast (112.677042ms)
✔ H002 no final with omitMetadata (114.548667ms)
✔ H002 no final with nativeCancelled (114.679458ms)
✔ H002 no final with freshReceipt (114.4985ms)
✔ H002 full child baseline counts new and changed unique members; old completed history excluded (117.606542ms)
✔ H002 missing or truncated native child capability keeps counts explicitly unknown (113.400917ms)
✔ whole-app gate rechecks before native spawn and prompt after asynchronous preparation (342.997583ms)
✔ H013 reviewed 1M production candidate retains exact capacities and output ceiling (0.883167ms)
✔ H013 1M exact-token accounting retains P-7/P-2, output65536 and mismatch refusal without network (31.305292ms)
✔ actual SQLite restart retains owner identity, cancels queued work, quarantines active and preserves settled results (5.391416ms)
✔ missing, malformed, unsupported or unqualified frontier config cannot activate; exact frozen config can (0.156208ms)
✔ retained frontier identities retain both visible rows without relabeling identities or altering Qwen/image (20.953375ms)
✔ MiMo readiness requires exact fresh canonical node observation; GLM ready cannot supply it (2.620125ms)
✔ custom configured labels and both frontier selections stay separate from observed identities and impact scope (1.43ms)
✔ missing, stale, mismatched, unavailable and unselected evidence cannot certify configured model or GPU dependency (2.388417ms)
✔ Qwen instances keep distinct configured aliases, observed deployments and UUIDs; unsupported nodes remain visible (0.772084ms)
✔ exact rendered-token contract, fixed identity/high thinking, unchanged reserved output and protected key (226.961792ms)
✔ independent frontier queue never consumes parent Qwen lanes; per-HTTP release and queue cap eight (113.642458ms)
✔ dispatched disconnect drains; ambiguous response quarantines and reconnect never replays (84.703833ms)
✔ tokenizer identity/count/endpoint errors fail isolated frontier with zero inference (42.723709ms)
✔ body cannot inject endpoint/model/template, errors reserve no inference; missing frontier is isolated (22.638583ms)
✔ unqualified tokenizer and unavailable protected key never start inference or affect Qwen (9.547166ms)
✔ production has no 16K cap; exact input plus complete output reservation at limit +/-1 (128.008125ms)
✔ bounded queue expiry and session-token revoke cancel queued ownership immediately (69.613875ms)
✔ count endpoint timeout, connection failure, malformed and oversized responses cannot start inference (61.282875ms)
✔ Flash rejects malformed or multimodal messages before count and inference without echoing input (123.205625ms)
✔ pure-text user and tool arrays remain identical for count and inference (7.854ms)
✔ actual pinned offline tokenizer responses satisfy the frozen gateway contract (75.559917ms)
✔ frontier availability is independent of durable idle and wakes queued admission (56.609959ms)
✔ service disappearance while exact count is outstanding sends zero generation bytes (8.020875ms)
✔ only exact confirmed frontier-owner alias clears frontier quarantine; passive readiness never does (18.032666ms)
✔ unconfigured availability observer cannot dispatch Flash from an idle lane (32.052ms)
✔ gateway authenticates inference-only routes, logical model and declared output limits (234.7345ms)
✔ gateway translates only request alias/cap, preserves payload and real usage, has no 16K clamp (113.76525ms)
✔ two global request permits enforce endpoint cap and FIFO across runner tokens (60.389375ms)
✔ queued cancellation never contacts upstream and bounded queue rejects excess requests (38.396459ms)
✔ aggregate queued JSON byte budget rejects excess, releases on cancel, and preserves FIFO (51.052167ms)
✔ gateway shutdown releases every queued-byte reservation (15.332167ms)
✔ revoked queued token cannot dispatch, while its existing generations still settle normally (29.098041ms)
✔ token revoked during asynchronous credential lookup cannot dispatch upstream (40.29575ms)
✔ queue wait has its own timeout and never consumes active generation budget (655.769041ms)
✔ SSE tool arguments and usage are byte-preserved, disconnect drains until real settlement (97.164125ms)
✔ normal SSE preserves exact response chunks and reports real usage without accumulation (8.89ms)
✔ partial stream transport failure quarantines lane, never retries, and retains other lane (21.758833ms)
✔ SSE EOF without terminal marker and active timeout quarantine, no automatic reuse (109.8525ms)
✔ missing upstream credential never sends request or consumes permit (7.554375ms)
✔ durable admission records active before dispatch and recovers interrupted lanes quarantined (24.525ms)
✔ failed durable admission write prevents upstream dispatch and fails closed (5.278875ms)
✔ complete proxy errors remain ambiguous; definite admission rejection releases its lane (25.586667ms)
✔ one healthy Qwen keeps the shared FIFO across main, child and compaction requests (70.068959ms)
✔ last available lane loss promptly rejects queued bytes while dispatched work is never replayed (73.003458ms)
✔ hardware availability remains independent of durable uncertain-request quarantine (44.982208ms)
✔ configured unknown and observer errors retain the bounded FIFO until readiness returns (62.605041ms)
✔ availability is rechecked after credential loading before the first upstream byte (10.731625ms)
✔ per-lane administrative hold serves new child/compaction work on healthy peer and retains FIFO bytes (109.455125ms)
✔ freeze during credential await holds owned reservation until release, before upstream bytes (121.210667ms)
✔ canonical target settlement reconciles only old owned lane and never replays uncertain request (30.84475ms)
✔ canonical old invocation proof safely settles late failure without aborting or replaying owned request (11.0545ms)
✔ H002 old database gets companion metadata only, immutable originals, proven historical file and activity association (78.287583ms)
✔ H002 multi-channel first delta creation is atomic; watermark reconnect has no duplicate text or phantom row (2.512083ms)
✔ H002 exact attachment names/downloads, safe image headers, run ZIP content/ownership/escape/bounds (405.102541ms)
✔ H002 final promotion waits for app settlement; Stop during artifact discovery keeps every message nonfinal (133.4485ms)
✔ H002 successful run publishes atomic final/message/file/run snapshots and complete queued cancellation updates (167.81225ms)
✔ H002 empty zero is restricted to untouched sessions; clock uses Ljubljana DST and fresh instants (91.243209ms)
✔ H002 Unicode names have safe old-release headers and exact companion display names (41.236416ms)
✔ H004 reply ZIPs select persisted inputs and outputs, message ZIPs select only their uploads (442.036125ms)
✔ H004 ZIPs reject cross-chat, invalid memberships, caller selection, unsafe paths and symlinks (152.036042ms)
✔ H004 historical aliases require an owned exact workspace link and unique direct-child catalog name (184.51725ms)
✔ H004 new exact nested/renamed source aliases are atomic and managed aliases precede workspace-copy SSE (87.218125ms)
✔ one active/eight queued, durable admission, stable concurrent dedup and queue deadlines (171.525833ms)
✔ unknown completion is never replayed; readiness alone cannot clear durable ownership (125.549166ms)
✔ known429 observes Retry-After and original queue deadline, reuses seed (72.309375ms)
✔ immutable snapshots, detached browser approval, idempotent decision, original bytes and run provenance (174.772458ms)
✔ approval rejects tampered snapshot; rejection and explicit Stop while text idle never dispatch (243.779583ms)
✔ Stop and soft Delete retain active ownership and late artifact without reviving assistant text (85.537ms)
✔ owned references reject cross-session files, traversal, absolute paths, URLs, symlinks and hardlinks (152.700417ms)
✔ real codec decodes actual JPEG orientation/colour; never rewrites source or stretches odd aspect ratios (34.996042ms)
✔ unqualified edit profiles never fall back; explicit unsupported geometry returns supported list (31.27475ms)
✔ restart retains queued jobs and approvals, while running work needs canonical settlement without replay (369.47725ms)
✔ graceful frozen restart preserves queued and approval identities without readiness-only recovery (194.190166ms)
✔ owner settlement during frozen preparation resumes its reservation without applying old proof to new dispatch (62.268417ms)
✔ canonical owner settlement of an active request preserves late failure and never replays it (90.949ms)
✔ browser capability is job-bound, expires, hides token and allows only identical consumed decision (191.946167ms)
✔ known source and ancestor seeds are rejected before dispatch, fresh defaults persist across workspace copies (468.141833ms)
✔ workspace save failure retains authoritative output artifact and provenance (69.63ms)
✔ known429 with eight waiters fails truthfully without ninth admission or automatic resubmission (65.955125ms)
✔ bad output metadata or transparent output never completes as a valid owned PNG (148.256958ms)
✔ failed durable lane admission rolls back and recovers after readiness without restart (134.841833ms)
✔ queue start, cancel and busy429 reorder every affected waiter with durable newer revisions (104.686209ms)
✔ token issuance waits behind delayed approval and cannot rotate the consumed token (147.493166ms)
✔ known image unavailability rejects queued and approval jobs promptly while active artifacts survive (126.352167ms)
✔ hardware unavailability blocks ready-idle reconciliation without replacing request quarantine (52.327209ms)
✔ configured observer failure gates new images without interrupting current artifacts or latching hardware (100.6715ms)
✔ image availability is rechecked after asynchronous reference preparation before dispatch (34.937459ms)
✔ production availability adapter preserves busy image FIFO and approvals on timeout; permanent latch rejects only undispatched work (94.099333ms)
✔ readiness hold during preparation retains its reservation and eight waiters; explicit cancel releases without dispatch (87.879667ms)
✔ production adapter resumes retained image work after soft-unavailable expires and independent readiness is fresh (101.015042ms)
✔ production private stop/start adapter clears actual image quarantine only with canonical outstanding stop (191.116917ms)
✔ gateway token/session binding, browser origin enforcement, exact capability pass-through and no MCP approval (572.506584ms)
✔ normal text turn end preserves image job; late artifact belongs to original final reply and next edit receives owned copy (269.839792ms)
✔ approval after text completion binds original run; Stop while idle removes approval and Delete drains active output (282.641125ms)
✔ approval token route refuses direct requests/forged forwarding/bearer and accepts only protected proxy capability (318.887375ms)
✔ fixed private origin; authenticated unchanged capabilities and strict readiness+idle (25.823667ms)
✔ generation sends n1 opaque persisted seed; only b64 data is consumed host-side, FHD remains public1080 (58.01025ms)
✔ edit uses ordered PNG multipart and exact scalar allowlist, no backend transport crop/pad at host (22.885417ms)
✔ only reviewed busy429 retries; unknown errors, malformed output, redirects and transport loss never do (4.999834ms)
✔ native/header and response-body budgets are bounded, credential errors sanitized (213.478542ms)
✔ optional upstream effective seed is retained for broker cross-check and never silently overwritten (22.089292ms)
✔ real app + official SDK subprocess + gateway fixtures preserve history across restart and revoke exit credentials (1056.329042ms)
✔ one shared owner survives GLM/MiMo alias switch and restart; no unrelated clear (380.146709ms)
✔ canonical count bytes equal dispatch, actual selected service, validated serial completion releases existing lane (52.082458ms)
✔ full tool stream is retained until HTTP drain; incomplete EOF quarantines without tool execution/replay (94.549084ms)
✔ consumer disconnect keeps native drain owner; valid completion allows next serial request (93.850667ms)
✔ identity change after drain quarantines, never releases based on HTTP alone (31.899625ms)
✔ native observations separate static provenance from props/slots and reject capacity/template drift (0.664041ms)
✔ strict nested schemas preserved; false storage discarded before canonical count, unsupported options rejected (0.354792ms)
✔ selected registry reports both canonical inventory identities on the shared frontier (48.759167ms)
✔ granular qualification cannot mistake arithmetic or requested ceiling for native occupied/output proof (0.173459ms)
✔ durable unresolved request blocks a switch even if lane row was missing (1.89225ms)
✔ MiMo elapsed budget is eight hours; Qwen and GLM retain two, fixture timeouts do not replay (1023.569708ms)
✔ dedicated public-readable receipt retains protected ancestry, nofollow and reviewed hash (20.517667ms)
✔ disabled candidate pins all artifacts but advertises no live capacity or readiness (1.521042ms)
✔ full history and pure text arrays survive without mutation or false equivalence (0.489417ms)
✔ closed grammar rejects media, role/control injection, malformed history and unsafe limits (9.711416ms)
✔ required actual qualified identity, exact P+O=S-1 boundary and no output shrinking (6.809333ms)
✔ native count POST uses byte-identical full canonical generation body and strict integer response (2.852167ms)
✔ complete stream handles arbitrary byte splits, empty fragments, usage-only frame and HTTP drain (5.001042ms)
✔ mixed reasoning/content/tool deltas assemble native IDs/names/arguments only after complete drain (0.369834ms)
✔ protocol failures never produce completed tools or silently accept truncated/mismatched output (1.520542ms)
✔ ambiguity holds existing owner without replay/switch; transport completion does not prove settlement (0.13ms)
✔ count aborts bounded observation, post and stalled body without retry; bad SSE envelopes fail closed (21.513042ms)
✔ root regression: role and finish reason require strings without coercion (0.7055ms)
✔ direct passive backend independently exposes healthy lane aliases and no status daemon dependency (22.118792ms)
✔ positive hardware latch survives late same-boot readiness and a restarted observer (0.781292ms)
✔ new boot requires fresh authoritative target validation with unchanged exact UUIDs (11.163458ms)
✔ authoritative positive target recovery clears a prior-boot latch despite unrelated global inventory failure (0.377583ms)
✔ target validation cannot clear a retained latch without an originating or observed boot (6.760292ms)
✔ readiness unknown or stale gates only new admission and never writes a hardware latch (0.507083ms)
✔ backend transport error reports unknown while retaining a persisted hardware latch (0.228916ms)
✔ durable clear failure keeps the previous latch and permits recovery only after a committed validation (0.279375ms)
✔ poll ticks publish expiry while a deadline-exceeding observer keeps one capped hung slot (72.859625ms)
✔ targeted new-boot recovery and passive fallback never settle an ambiguous gateway request or replay it (127.208375ms)
✔ passive backend fallback permits telemetry-only outage while preserving unknown public state and hardware latch (0.60025ms)
✔ independent hung backend readiness probes remain capped and cannot invent admission or hardware absence (5.205042ms)
✔ inherited latch keeps authoritative origin across reboot and clears only after validation of the new boot (0.612709ms)
✔ unknown latch origin is not relabeled current boot and cannot clear on same-boot late success (0.365916ms)
✔ canonical Flash node-status observation/latch is passive and isolated from Qwen (0.414042ms)
✔ passive canonical Flash recognition grants no service lifecycle action (0.254542ms)
✔ allowlisted producer diagnostics preserve existing public error mappings (1.090333ms)
✔ constructor itself rejects arbitrary diagnostic values (0.1765ms)
✔ bounded parser retains no arbitrary upstream body or message (2.682083ms)
✔ hung observer is capped, deadline does not block healthy peer, late success discarded (34.863125ms)
✔ fresh success ages independently, transport errors never invent absence (0.767084ms)
✔ official SDK permission transport admits reviewed skills/direct search and denies all wrappers (72.003916ms)
✔ official SDK compact browser admits reviewed public research actions and actual query kinds (25.384542ms)
✔ official SDK detailed browser aliases use native fields and reject mutation aliases (23.388583ms)
✔ browser malformed actions, private navigation and unsupported screenshot paths fail closed (31.598708ms)
✔ policy exports ask gates without blanket browser denial and delegates only fs/bash (10.381458ms)
✔ only exact reviewed image MCP tools and image skill supplement native role ceilings (22.53225ms)
✔ saveFile rolls back new rows on h002_file_names failure (nested=false) (94.316625ms)
✔ saveFile rolls back new rows on h002_file_refs failure (nested=false) (21.704042ms)
✔ saveFile preserves existing file and all metadata on update failure (nested=false) (13.918167ms)
✔ saveFile rolls back new rows on h002_file_names failure (nested=true) (31.917125ms)
✔ saveFile rolls back new rows on h002_file_refs failure (nested=true) (21.987875ms)
✔ saveFile preserves existing file and all metadata on update failure (nested=true) (28.735333ms)
✔ successful saveFile does not commit an enclosing caller transaction (11.364959ms)
✔ API rejects pinned slash commands without mutations; ordinary tasks and native compression still work (611.730208ms)
✔ registered immutable tmpfs with rw superblock and ACL mask modes (2.038959ms)
✔ reject missing environment (0.431542ms)
✔ reject lookalike environment (0.2335ms)
✔ reject trailing slash environment (0.729ms)
✔ reject symlink leaf (0.297333ms)
✔ reject noncanonical leaf (0.240542ms)
✔ reject nonregular file (0.204917ms)
✔ reject file uid (1.125417ms)
✔ reject file gid including status group (0.259625ms)
✔ reject writable file (0.234917ms)
✔ reject other readable file (0.205208ms)
✔ reject special file mode (0.166958ms)
✔ reject hardlink (0.134416ms)
✔ reject empty file (0.144ms)
✔ reject oversize file (0.1295ms)
✔ reject file mount device mismatch (0.12875ms)
✔ reject directory uid (0.090875ms)
✔ reject directory gid (0.105458ms)
✔ reject writable directory (0.136167ms)
✔ reject other traversal directory (0.109875ms)
✔ reject symlink directory (0.095709ms)
✔ reject non-directory parent (2.12375ms)
✔ reject missing mount (0.28925ms)
✔ reject lookalike mount (0.195667ms)
✔ reject duplicate mount (0.141458ms)
✔ reject nested file mount (0.129917ms)
✔ reject non-root mount tree (0.129583ms)
✔ reject wrong mount type (0.12375ms)
✔ reject wrong mount source (0.13175ms)
✔ reject mount device mismatch (0.130667ms)
✔ reject malformed mount device (0.116042ms)
✔ reject rw mount with ro superblock (0.127667ms)
✔ reject contradictory mount options (0.124958ms)
✔ reject only superblock protected (0.139042ms)
✔ reject invalid value (0.254291ms)
✔ reject blank value (0.185ms)
✔ reject missing mount ro (0.116459ms)
✔ reject missing mount nosuid (0.107291ms)
✔ reject missing mount nodev (0.142291ms)
✔ reject missing mount noexec (0.109625ms)
✔ reject missing mount nosymfollow (0.105916ms)
✔ reject symlink ancestor / (0.112583ms)
✔ reject writable ancestor / (0.11925ms)
✔ reject symlink ancestor /run (0.105208ms)
✔ reject writable ancestor /run (1.397709ms)
✔ reject symlink ancestor /run/credentials (0.488125ms)
✔ reject writable ancestor /run/credentials (0.127833ms)
✔ reject symlink ancestor /run/credentials/ai-harness-status.service (0.126708ms)
✔ reject writable ancestor /run/credentials/ai-harness-status.service (0.118875ms)
✔ reject opened FD dev substitution (0.185333ms)
✔ reject post-read FD dev substitution (0.35525ms)
✔ reject opened FD ino substitution (0.173084ms)
✔ reject post-read FD ino substitution (0.278167ms)
✔ reject opened FD uid substitution (0.146375ms)
✔ reject post-read FD uid substitution (2.023041ms)
✔ reject opened FD gid substitution (0.202416ms)
✔ reject post-read FD gid substitution (0.231125ms)
✔ reject opened FD mode substitution (0.150583ms)
✔ reject post-read FD mode substitution (0.20575ms)
✔ reject opened FD nlink substitution (0.164666ms)
✔ reject post-read FD nlink substitution (0.180916ms)
✔ reject opened FD size substitution (0.131292ms)
✔ reject post-read FD size substitution (0.175917ms)
✔ reject opened FD type substitution (0.154666ms)
✔ reject post-read path substitution (12.127084ms)
✔ reject parent identity substitution (0.257709ms)
✔ reject mount identity substitution (0.2055ms)
✔ status rejects unregistered paths while generic owner-only semantics stay unchanged (69.396667ms)
✔ only status entry point registers this exception (63.09525ms)
✔ legitimate sibling creation changing directory size/link count is accepted (1.288083ms)
✔ unregistered selector /run/credentials/ai-harness-status.service/other-key (0.169084ms)
✔ unregistered selector /run/credentials/ai-harness-status.service.other/control-api-key (0.088917ms)
✔ unregistered selector /run/credentials/ai-harness-status.service/../ai-harness-status.service/control-api-key (0.082167ms)
✔ unregistered selector /run/credentials/ai-harness-status.service/control-api-key/ (0.078416ms)
✔ unregistered selector run/credentials/ai-harness-status.service/control-api-key (0.07525ms)
✔ additional node reference uses identical protected mount/FD checks with no arbitrary path or control fallback (0.369292ms)
✔ additional node credential names cannot select control key, arbitrary paths or environment directories (0.161959ms)
✔ startup credential map isolates node values and fails closed on missing or reused secrets (0.602ms)
✔ exact shared v1 fixture preserves nullable identities, independent metrics and no invented capability (2.06775ms)
✔ status works without chat/storage and one hung node cannot hold peer; sanitizes payloads (77.660167ms)
✔ cached successful HTTP cannot refresh aged underlying service; unknown boot disables targets (4.617583ms)
✔ typed async admin relay keeps key/boot/generation, namespaces receipts and does not replay (17.805709ms)
✔ exact additive disk roles retain separate capacities/freshness and unavailable mount never borrows root (4.259666ms)
✔ registry retains third/unreachable node and missing service rows; support and new services gain no controls (8.202541ms)
✔ malformed/missing fields stay unknown; explicit model.control and node_manager facts remain informational and age independently (2.98525ms)
✔ mismatched or duplicate native evidence leaves configured rows visible and unknown (2.699583ms)
✔ restart marks queued/running/cancelling work interrupted and quarantined without replay (24.507417ms)
✔ events have independent monotonic per-session ids and durable pagination (316.069916ms)
✔ assistant delta commits text and event together and notifies snapshot observers only after commit (11.204709ms)
✔ safe identifiers and filenames never carry traversal or executable header characters (0.449792ms)
✔ upload is streamed/bounded, removes partial file and metadata on size failure (49.255542ms)
✔ registered artifacts are snapshots; traversal, symlinks, hidden paths and hardlinks fail closed (14.438833ms)
✔ space and Unicode filenames remain safe through attachment projection and artifact snapshots (12.795958ms)
✔ attachment projection rejects cross-chat IDs and workspace upload directory symlinks (11.174833ms)
✔ default registry retains seven action identities and adds passive frontier inventory (3.491625ms)
✔ malformed, duplicate, unbounded and dangling registry input fails closed (17.816958ms)
✔ unknown node cannot fall through to local helper; unsupported adapter is passive unknown (2.059708ms)
✔ generic third-node passive transport reaches only bounded fixed GET; failed peers and absent services remain visible without targets (149.582583ms)
ℹ tests 445
ℹ suites 0
ℹ pass 445
ℹ fail 0
ℹ cancelled 0
ℹ skipped 0
ℹ todo 0
ℹ duration_ms 16831.314958
