✖ both raw frontier ready observations retain contradiction but only selected model joins measured UUID (3.045375ms)
✖ unknown selection preserves raw evidence without ready service or ready GPU dependent (0.7825ms)
✔ node, service and GPU freshness and exact UUID matching independently gate GPU joins (2.555375ms)
✔ native capacity remains observed evidence under mismatch and missing rows stay null (0.522625ms)
✔ new model metadata rejects unexpected fields; public JSON omits registry and native transport secrets (31.647208ms)
✖ UI model labels are generic and read projected readiness with separate observed alias and conflict (2.215042ms)
ℹ tests 6
ℹ suites 0
ℹ pass 3
ℹ fail 3
ℹ cancelled 0
ℹ skipped 0
ℹ todo 0
ℹ duration_ms 187.1295

✖ failing tests:

test at reports/h020-review02-20260928/candidate-review.test.ts:2:2786
✖ both raw frontier ready observations retain contradiction but only selected model joins measured UUID (3.045375ms)
  AssertionError [ERR_ASSERTION]: Expected values to be strictly equal:
  + actual - expected

  + undefined
  - true

      at TestContext.<anonymous> (/Users/agent/CodexProjects/llm-orchestration/tasks/H020-REVIEW02-20260928/candidate-initial/reports/h020-review02-20260928/candidate-review.test.ts:32:12)
      at Test.runInAsyncScope (node:async_hooks:227:14)
      at Test.run (node:internal/test_runner/test:1402:25)
      at Test.start (node:internal/test_runner/test:1262:17)
      at startSubtestAfterBootstrap (node:internal/test_runner/harness:387:17) {
    generatedMessage: true,
    code: 'ERR_ASSERTION',
    actual: undefined,
    expected: true,
    operator: 'strictEqual',
    diff: 'simple'
  }

test at reports/h020-review02-20260928/candidate-review.test.ts:2:3505
✖ unknown selection preserves raw evidence without ready service or ready GPU dependent (0.7825ms)
  AssertionError [ERR_ASSERTION]: Expected values to be strictly deep-equal:
  + actual - expected

  + [
  +   {
  +     display_name: 'Frontier GLM-5.3-Flash',
  +     instance_name: 'Frontier GLM',
  +     model_alias: 'glm-5.3-flash',
  +     node_id: 'ai-vm',
  +     selection: 'unknown',
  +     service_id: 'glm-5.3-flash'
  +   },
  +   {
  +     display_name: 'MiMo V2.6 Pro-RL',
  +     instance_name: 'Frontier MiMo',
  +     model_alias: 'mimo-v2.6-pro-rl',
  +     node_id: 'ai-vm',
  +     selection: 'unknown',
  +     service_id: 'mimo-v2.6-pro-rl'
  +   }
  + ]
  - []

      at TestContext.<anonymous> (/Users/agent/CodexProjects/llm-orchestration/tasks/H020-REVIEW02-20260928/candidate-initial/reports/h020-review02-20260928/candidate-review.test.ts:46:10)
      at Test.runInAsyncScope (node:async_hooks:227:14)
      at Test.run (node:internal/test_runner/test:1402:25)
      at Test.processPendingSubtests (node:internal/test_runner/test:974:18)
      at Test.postRun (node:internal/test_runner/test:1542:19)
      at Test.run (node:internal/test_runner/test:1467:12)
      at async startSubtestAfterBootstrap (node:internal/test_runner/harness:387:3) {
    generatedMessage: true,
    code: 'ERR_ASSERTION',
    actual: [ { service_id: 'glm-5.3-flash', node_id: 'ai-vm', display_name: 'Frontier GLM-5.3-Flash', instance_name: 'Frontier GLM', model_alias: 'glm-5.3-flash', selection: 'unknown' }, { service_id: 'mimo-v2.6-pro-rl', node_id: 'ai-vm', display_name: 'MiMo V2.6 Pro-RL', instance_name: 'Frontier MiMo', model_alias: 'mimo-v2.6-pro-rl', selection: 'unknown' } ],
    expected: [],
    operator: 'deepStrictEqual',
    diff: 'simple'
  }

test at reports/h020-review02-20260928/candidate-review.test.ts:2:7252
✖ UI model labels are generic and read projected readiness with separate observed alias and conflict (2.215042ms)
  AssertionError [ERR_ASSERTION]: The expression evaluated to a falsy value:

    assert.ok(modelDetails(dormant).includes('Selection conflict: nonselected instance reports ready'))

      at TestContext.<anonymous> (/Users/agent/CodexProjects/llm-orchestration/tasks/H020-REVIEW02-20260928/candidate-initial/reports/h020-review02-20260928/candidate-review.test.ts:98:10)
      at Test.runInAsyncScope (node:async_hooks:227:14)
      at Test.run (node:internal/test_runner/test:1402:25)
      at Test.processPendingSubtests (node:internal/test_runner/test:974:18)
      at Test.postRun (node:internal/test_runner/test:1542:19)
      at Test.run (node:internal/test_runner/test:1467:12)
      at process.processTicksAndRejections (node:internal/process/task_queues:104:5)
      at async Test.processPendingSubtests (node:internal/test_runner/test:974:7) {
    generatedMessage: true,
    code: 'ERR_ASSERTION',
    actual: false,
    expected: true,
    operator: '==',
    diff: 'simple'
  }
