✔ custom main and auxiliary selection has explicit native limits, without managed credentials (1.479292ms)
✔ CLI emits no environment-derived token, path or raw exception on rejection (121.194042ms)
✔ refuses another gateway, malformed token and session ID (0.327834ms)
✔ writes private config and refreshes ephemeral authorization without changing history (13.743584ms)
✔ rejects a symlink at the native global instructions path (0.687583ms)
✔ rejects config symlink and a home outside the isolated profile (5.249708ms)
✔ profile MCP uses the literal private endpoint and direct reviewed stdio adapter (0.337125ms)
✔ seeds exactly six skills and license, validates reuse and refreshes private MCP (7.7305ms)
✔ rejects skill roots, nested links, hardlinks, extra or changed entries on reuse (41.300333ms)
✔ rejects MCP symlinks and hardlinks without touching their destination (10.054083ms)
✔ rejects unexpected packaged skills before publishing a profile roster (4.071833ms)
﹣ installed CLI succeeds silently with packaged skills (0.041417ms) # SKIP
✔ upgrades only the exact prior reviewed skills without replacing originals or history (9.985125ms)
✔ managed frontier custom agent uses native model/limits and preserves tools/MCP inheritance (0.208ms)
✔ managed frontier seed preserves custom conflict and rejects symlink escapes (5.96925ms)
✔ H013 frontier migration changes only exact protected managed 480K agent bytes (2.790625ms)
ℹ tests 16
ℹ suites 0
ℹ pass 15
ℹ fail 0
ℹ cancelled 0
ℹ skipped 1
ℹ todo 0
ℹ duration_ms 282.096917
